******************************************************************************
                  TI ARM Linker PC v18.12.3                    
******************************************************************************
>> Linked Thu Dec 12 17:54:44 2019

OUTPUT FILE NAME:   <empty_EK_TM4C123GXL_TI.out>
ENTRY POINT SYMBOL: "_c_int00"  address: 00003e11


MEMORY CONFIGURATION

         name            origin    length      used     unused   attr    fill
----------------------  --------  ---------  --------  --------  ----  --------
  FLASH                 00000000   00040000  00007510  00038af0  R  X
  SRAM                  20000000   00008000  000031dd  00004e23  RW X


SEGMENT ALLOCATION MAP

run origin  load origin   length   init length attrs members
----------  ----------- ---------- ----------- ----- -------
00000000    00000000    00007518   00007518    r-x
  00000000    00000000    0000003c   0000003c    r-- .resetVecs
  00000040    00000040    000056f2   000056f2    r-x .text
  00005734    00005734    00001b8a   00001b8a    r-- .const
  000072c0    000072c0    00000258   00000258    r-- .cinit
20000000    20000000    000031e0   00000000    rw-
  20000000    20000000    00000360   00000000    rw- .vecs
  20000360    20000360    00002527   00000000    rw- .bss
  20002888    20002888    00000556   00000000    rw- .data
  20002de0    20002de0    00000400   00000000    rw- .stack


SECTION ALLOCATION MAP

 output                                  attributes/
section   page    origin      length       input sections
--------  ----  ----------  ----------   ----------------
.text      0    00000040    000056f2     
                  00000040    00000430     sysbios.aem4f : BIOS.obj (.text:ti_sysbios_family_arm_m3_Hwi_excDumpRegs__I)
                  00000470    0000034c     ti.targets.arm.rtsarm.aem4f : System.oem4f (.text:xdc_runtime_System_doPrint__I)
                  000007bc    0000030c     uartstdio.obj (.text:UARTvprintf)
                  00000ac8    000002ec     sysbios.aem4f : BIOS.obj (.text:ti_sysbios_knl_Semaphore_pend__E)
                  00000db4    00000004     driverlib.lib : timer.obj (.text:TimerIntClear)
                  00000db8    000001f4     sysbios.aem4f : BIOS.obj (.text:ti_sysbios_family_arm_m3_Hwi_excHandlerMax__I)
                  00000fac    00000190     empty.obj (.text:hardware_init)
                  0000113c    00000004     rtsv7M4_T_le_v4SPD16_eabi.lib : exit.c.obj (.text:abort:abort)
                  00001140    0000018c     sysbios.aem4f : BIOS.obj (.text:ti_sysbios_family_arm_lm4_Timer_start__E)
                  000012cc    00000004     empty_pem4f.oem4f (.text:malloc)
                  000012d0    00000174     sysbios.aem4f : BIOS.obj (.text:ti_sysbios_family_arm_m3_Hwi_excBusFault__I)
                  00001444    00000004     empty_pem4f.oem4f (.text:ti_sysbios_BIOS_RtsGateProxy_enter__E)
                  00001448    00000164     sysbios.aem4f : BIOS.obj (.text:ti_sysbios_family_arm_m3_Hwi_excUsageFault__I)
                  000015ac    00000004     empty_pem4f.oem4f (.text:ti_sysbios_BIOS_RtsGateProxy_leave__E)
                  000015b0    00000148     sysbios.aem4f : BIOS.obj (.text:ti_sysbios_family_arm_m3_Hwi_excMemFault__I)
                  000016f8    00000144     ti.targets.arm.rtsarm.aem4f : HeapStd.oem4f (.text:xdc_runtime_HeapStd_alloc__E)
                  0000183c    00000004     sysbios.aem4f : BIOS.obj (.text:ti_sysbios_family_arm_lm4_Timer_masterEnable__I)
                  00001840    00000140                   : BIOS.obj (.text:ti_sysbios_knl_Semaphore_post__E)
                  00001980    0000013c                   : BIOS.obj (.text:ti_sysbios_knl_Clock_workFunc__E)
                  00001abc    00000004     empty_pem4f.oem4f (.text:ti_sysbios_family_arm_m3_TaskSupport_Module__startupDone__S)
                  00001ac0    00000138     sysbios.aem4f : BIOS.obj (.text:ti_sysbios_family_arm_m3_Hwi_dispatchC__I)
                  00001bf8    00000130     driverlib.lib : gpio.obj (.text:GPIOPadConfigSet)
                  00001d28    0000011c     sysbios.aem4f : BIOS.obj (.text:ti_sysbios_knl_Swi_run__I)
                  00001e44    00000118     ti.targets.arm.rtsarm.aem4f : Error.oem4f (.text:xdc_runtime_Error_policyDefault__E)
                  00001f5c    0000010c     driverlib.lib : sysctl.obj (.text:SysCtlClockGet)
                  00002068    00000100     Boot.aem4f : Boot_sysctl.oem4f (.text:ti_catalog_arm_cortexm4_tiva_ce_Boot_sysCtlClockSetI__I)
                  00002168    00000100     ti.targets.arm.rtsarm.aem4f : Core-mem.oem4f (.text:xdc_runtime_Core_createObject__I)
                  00002268    000000f8                                 : Startup.oem4f (.text:xdc_runtime_Startup_startMods__I)
                  00002360    000000f8     empty_pem4f.oem4f (.text:xdc_runtime_System_printfExtend__I)
                  00002458    000000f4     sysbios.aem4f : m3_Hwi_asm.obj (.text:ti_sysbios_family_arm_m3_Hwi_dispatch__I)
                  0000254c    000000f0     driverlib.lib : sysctl.obj (.text:SysCtlClockSet)
                  0000263c    00000004     empty_pem4f.oem4f (.text:ti_sysbios_knl_Clock_TimerProxy_getMaxTicks__E)
                  00002640    000000cc     sysbios.aem4f : BIOS.obj (.text:ti_sysbios_knl_Task_schedule__I)
                  0000270c    000000cc     ti.targets.arm.rtsarm.aem4f : Core-smem.oem4f (.text:xdc_runtime_Core_constructObject__I)
                  000027d8    000000cc                                 : HeapStd.oem4f (.text:xdc_runtime_HeapStd_Instance_init__E)
                  000028a4    00000004     empty_pem4f.oem4f (.text:ti_sysbios_knl_Queue_destruct)
                  000028a8    000000bc     sysbios.aem4f : BIOS.obj (.text:ti_sysbios_family_arm_m3_Hwi_excDebugMon__I)
                  00002964    00000004     empty_pem4f.oem4f (.text:ti_sysbios_knl_Semaphore_destruct)
                  00002968    000000bc     sysbios.aem4f : BIOS.obj (.text:ti_sysbios_family_arm_m3_Hwi_excHardFault__I)
                  00002a24    00000004     ti.targets.arm.rtsarm.aem4f : Error.oem4f (.text:xdc_runtime_Error_getSite__E)
                  00002a28    000000bc     sysbios.aem4f : BIOS.obj (.text:ti_sysbios_knl_Task_startCore__E)
                  00002ae4    00000004     ti.targets.arm.rtsarm.aem4f : HeapStd.oem4f (.text:xdc_runtime_HeapStd_isBlocking__E)
                  00002ae8    000000b4     sysbios.aem4f : BIOS.obj (.text:ti_sysbios_gates_GateMutex_enter__E)
                  00002b9c    00000004     empty_pem4f.oem4f (.text:xdc_runtime_System_Module_GateProxy_enter__E)
                  00002ba0    000000b4     sysbios.aem4f : BIOS.obj (.text:ti_sysbios_knl_Task_checkStacks__E)
                  00002c54    00000004     empty_pem4f.oem4f (.text:xdc_runtime_System_Module_GateProxy_leave__E)
                  00002c58    000000ac     sysbios.aem4f : BIOS.obj (.text:ti_sysbios_family_arm_lm4_Timer_enableTiva__I)
                  00002d04    00000004     ti.targets.arm.rtsarm.aem4f : System.oem4f (.text:xdc_runtime_System_aprintf_va__F)
                  00002d08    000000ac     sysbios.aem4f : BIOS.obj (.text:ti_sysbios_knl_Swi_post__E)
                  00002db4    00000004     ti.targets.arm.rtsarm.aem4f : System.oem4f (.text:xdc_runtime_System_printf_va__F)
                  00002db8    000000a8     sysbios.aem4f : BIOS.obj (.text:ti_sysbios_family_arm_lm4_Timer_enableTimers__I)
                  00002e60    000000a8                   : BIOS.obj (.text:ti_sysbios_knl_Task_blockI__E)
                  00002f08    000000a8                   : BIOS.obj (.text:ti_sysbios_knl_Task_postInit__I)
                  00002fb0    000000a8     ti.targets.arm.rtsarm.aem4f : HeapStd.oem4f (.text:xdc_runtime_HeapStd_free__E)
                  00003058    000000a0     empty.obj (.text:TIMER2INT)
                  000030f8    000000a0     auto_init.aem4f : auto_init.oem4f (.text)
                  00003198    000000a0     ti.targets.arm.rtsarm.aem4f : Text.oem4f (.text:xdc_runtime_Text_putMod__E)
                  00003238    0000009c     rtsv7M4_T_le_v4SPD16_eabi.lib : memcpy_t2.asm.obj (.text)
                  000032d4    00000002                                   : _lock.c.obj (.text:_nop)
                  000032d6    00000002     empty_pem4f.oem4f (.text:free)
                  000032d8    0000009c     sysbios.aem4f : BIOS.obj (.text:ti_sysbios_knl_Semaphore_Instance_init__E)
                  00003374    0000009a     ti.targets.arm.rtsarm.aem4f : Text.oem4f (.text:xdc_runtime_Text_putSite__E)
                  0000340e    00000002     rtsv7M4_T_le_v4SPD16_eabi.lib : div0.asm.obj (.text)
                  00003410    00000098     Boot.aem4f : Boot.oem4f (.text:ti_catalog_arm_cortexm4_tiva_ce_Boot_sysCtlClockSet__E)
                  000034a8    00000094     sysbios.aem4f : BIOS.obj (.text:ti_sysbios_family_arm_m3_Hwi_initNVIC__E)
                  0000353c    00000002     empty_pem4f.oem4f (.text:ti_sysbios_BIOS_nullFunc__I)
                  0000353e    00000002     empty_pem4f.oem4f (.text:xdc_runtime_Startup_reset__I)
                  00003540    00000094     sysbios.aem4f : BIOS.obj (.text:ti_sysbios_knl_Task_exit__E)
                  000035d4    00000004     --HOLE-- [fill = 0]
                  000035d8    00000090                   : BIOS.obj (.text:ti_sysbios_knl_Task_unblockI__E)
                  00003668    0000008c                   : m3_TaskSupport_asm.obj (.text:ti_sysbios_family_arm_m3_TaskSupport_buildTaskStack)
                  000036f4    00000004     --HOLE-- [fill = 0]
                  000036f8    00000084                   : BIOS.obj (.text:ti_sysbios_family_arm_m3_Hwi_postInit__I)
                  0000377c    0000007a     driverlib.lib : adc.obj (.text:ADCSequenceStepConfigure)
                  000037f6    0000007a     rtsv7M4_T_le_v4SPD16_eabi.lib : memset_t2.asm.obj (.text)
                  00003870    00000074     empty.obj (.text:ADCfun)
                  000038e4    0000006d     ti.targets.arm.rtsarm.aem4f : System.oem4f (.text:xdc_runtime_System_formatNum__I)
                  00003951    00000001     --HOLE-- [fill = 0]
                  00003952    00000006     driverlib.lib : gpio.obj (.text:GPIOPinRead)
                  00003958    0000006c     sysbios.aem4f : BIOS.obj (.text:ti_sysbios_knl_Swi_restoreHwi__E)
                  000039c4    0000006c     ti.targets.arm.rtsarm.aem4f : Error.oem4f (.text:xdc_runtime_Error_print__E)
                  00003a30    0000006c                                 : Memory.oem4f (.text:xdc_runtime_Memory_alloc__E)
                  00003a9c    00000068     rtsv7M4_T_le_v4SPD16_eabi.lib : copy_decompress_lzss.c.obj (.text:decompress:lzss:__TI_decompress_lzss)
                  00003b04    00000066     ti.targets.arm.rtsarm.aem4f : Core-mem.oem4f (.text:xdc_runtime_Core_deleteObject__I)
                  00003b6a    00000006     driverlib.lib : gpio.obj (.text:GPIOPinWrite)
                  00003b70    00000064     sysbios.aem4f : BIOS.obj (.text:ti_sysbios_family_arm_lm4_Timer_Module_startup__E)
                  00003bd4    00000060     driverlib.lib : timer.obj (.text:TimerConfigure)
                  00003c34    00000004     --HOLE-- [fill = 0]
                  00003c38    00000060     sysbios.aem4f : BIOS.obj (.text:ti_sysbios_family_arm_lm4_Timer_isrStub__E)
                  00003c98    00000060                   : BIOS.obj (.text:ti_sysbios_knl_Clock_logTick__E)
                  00003cf8    0000005c                   : BIOS.obj (.text:ti_sysbios_knl_Swi_schedule__I)
                  00003d54    00000004     --HOLE-- [fill = 0]
                  00003d58    0000005c                   : BIOS.obj (.text:ti_sysbios_knl_Task_Module_startup__E)
                  00003db4    0000005b     ti.targets.arm.rtsarm.aem4f : Text.oem4f (.text:xdc_runtime_Text_putLab__E)
                  00003e0f    00000001     --HOLE-- [fill = 0]
                  00003e10    00000058     boot.aem4f : boot.oem4f (.text)
                  00003e68    00000058     rtsv7M4_T_le_v4SPD16_eabi.lib : hostwrite.c.obj (.text:HOSTwrite)
                  00003ec0    00000058     sysbios.aem4f : m3_Hwi_asm_switch.obj (.text:ti_sysbios_family_arm_m3_Hwi_initStacks__E)
                  00003f18    00000058     empty_pem4f.oem4f (.text:xdc_runtime_HeapStd_Object__create__S)
                  00003f70    00000054     uartstdio.obj (.text:UARTStdioConfig)
                  00003fc4    00000054     ti.targets.arm.rtsarm.aem4f : Assert.oem4f (.text:xdc_runtime_Assert_raise__I)
                  00004018    00000050     sysbios.aem4f : BIOS.obj (.text:ti_sysbios_family_arm_m3_Hwi_Module_startup__E)
                  00004068    00000050     ti.targets.arm.rtsarm.aem4f : Startup.oem4f (.text:xdc_runtime_Startup_exec__E)
                  000040b8    00000050                                 : Text.oem4f (.text:xdc_runtime_Text_visitRope2__I)
                  00004108    0000004c     empty.obj (.text:InitConsole)
                  00004154    0000004c     uartstdio.obj (.text:UARTwrite)
                  000041a0    0000004c     rtsv7M4_T_le_v4SPD16_eabi.lib : cpy_tbl.c.obj (.text:copy_in)
                  000041ec    00000004     --HOLE-- [fill = 0]
                  000041f0    0000004c     sysbios.aem4f : BIOS.obj (.text:ti_sysbios_knl_Swi_runLoop__I)
                  0000423c    00000004     --HOLE-- [fill = 0]
                  00004240    0000004c                   : BIOS.obj (.text:ti_sysbios_knl_Task_allBlockedFunction__I)
                  0000428c    00000048     driverlib.lib : gpio.obj (.text:GPIOPinConfigure)
                  000042d4    00000004     --HOLE-- [fill = 0]
                  000042d8    00000048     sysbios.aem4f : BIOS.obj (.text:ti_sysbios_family_arm_m3_Hwi_disableInterrupt__E)
                  00004320    00000048                   : BIOS.obj (.text:ti_sysbios_family_arm_m3_Hwi_enableInterrupt__E)
                  00004368    00000048                   : BIOS.obj (.text:ti_sysbios_family_arm_m3_Hwi_excReserved__I)
                  000043b0    00000046     ti.targets.arm.rtsarm.aem4f : Core-params.oem4f (.text:xdc_runtime_Core_assignParams__I)
                  000043f6    00000002     --HOLE-- [fill = 0]
                  000043f8    00000044     sysbios.aem4f : BIOS.obj (.text:ti_sysbios_family_arm_lm4_Timer_stop__E)
                  0000443c    00000004     --HOLE-- [fill = 0]
                  00004440    00000044                   : BIOS.obj (.text:ti_sysbios_family_arm_m3_Hwi_getStackInfo__E)
                  00004484    00000044     ti.targets.arm.rtsarm.aem4f : Error.oem4f (.text:xdc_runtime_Error_setX__E)
                  000044c8    00000044                                 : SysMin.oem4f (.text:xdc_runtime_SysMin_flush__E)
                  0000450c    00000044                                 : Text.oem4f (.text:xdc_runtime_Text_xprintf__I)
                  00004550    00000042     driverlib.lib : uart.obj (.text:UARTConfigSetExpClk)
                  00004592    00000002     --HOLE-- [fill = 0]
                  00004594    00000040     empty.obj (.text:SRfun)
                  000045d4    00000040     empty.obj (.text:TIMER_ISR)
                  00004614    00000040     rtsv7M4_T_le_v4SPD16_eabi.lib : u_divt2.asm.obj (.text)
                  00004654    00000004     --HOLE-- [fill = 0]
                  00004658    00000040     sysbios.aem4f : BIOS.obj (.text:ti_sysbios_family_arm_lm4_Timer_startup__E)
                  00004698    0000003e     driverlib.lib : adc.obj (.text:ADCSequenceConfigure)
                  000046d6    00000002     --HOLE-- [fill = 0]
                  000046d8    0000003c     sysbios.aem4f : BIOS.obj (.text:ti_sysbios_family_arm_m3_Hwi_excSvCall__I)
                  00004714    00000004     --HOLE-- [fill = 0]
                  00004718    0000003c                   : BIOS.obj (.text:ti_sysbios_knl_Swi_restore__E)
                  00004754    00000038     driverlib.lib : sysctl.obj (.text:SysCtlPeripheralPresent)
                  0000478c    00000038     empty.obj (.text:UARTfun)
                  000047c4    00000038     rtsv7M4_T_le_v4SPD16_eabi.lib : trgmsg.c.obj (.text:__TI_writemsg)
                  000047fc    00000004     --HOLE-- [fill = 0]
                  00004800    00000038     sysbios.aem4f : BIOS.obj (.text:ti_sysbios_family_arm_m3_Hwi_excNoIsr__I)
                  00004838    00000038                   : BIOS.obj (.text:ti_sysbios_knl_Task_processVitalTaskFlag__I)
                  00004870    00000038     ti.targets.arm.rtsarm.aem4f : SysMin.oem4f (.text:xdc_runtime_SysMin_putch__E)
                  000048a8    00000038                                 : System.oem4f (.text:xdc_runtime_System_atexit__E)
                  000048e0    00000034     driverlib.lib : sysctl.obj (.text:SysCtlPeripheralEnable)
                  00004914    00000034     rtsv7M4_T_le_v4SPD16_eabi.lib : trgmsg.c.obj (.text:__TI_readmsg)
                  00004948    00000034     sysbios.aem4f : BIOS.obj (.text:ti_sysbios_family_arm_m3_Hwi_excNmi__I)
                  0000497c    00000004     --HOLE-- [fill = 0]
                  00004980    00000034                   : BIOS.obj (.text:ti_sysbios_hal_Hwi_checkStack)
                  000049b4    00000034     ti.targets.arm.rtsarm.aem4f : Core-label.oem4f (.text:xdc_runtime_Core_assignLabel__I)
                  000049e8    00000033                                 : Text.oem4f (.text:xdc_runtime_Text_printVisFxn__I)
                  00004a1b    00000005     --HOLE-- [fill = 0]
                  00004a20    00000032     sysbios.aem4f : BIOS.obj (.text:ti_sysbios_hal_Hwi_initStack)
                  00004a52    00000006     driverlib.lib : sysctl.obj (.text:SysCtlDelay)
                  00004a58    00000032     sysbios.aem4f : BIOS.obj (.text:ti_sysbios_knl_Semaphore_pendTimeout__I)
                  00004a8a    00000002     --HOLE-- [fill = 0]
                  00004a8c    00000030     empty_pem4f.oem4f (.text:ti_sysbios_BIOS_atExitFunc__I)
                  00004abc    00000004     --HOLE-- [fill = 0]
                  00004ac0    00000030     sysbios.aem4f : BIOS.obj (.text:ti_sysbios_family_arm_m3_TaskSupport_start__E)
                  00004af0    00000030     empty_pem4f.oem4f (.text:ti_sysbios_gates_GateHwi_Object__create__S)
                  00004b20    00000030     empty_pem4f.oem4f (.text:ti_sysbios_gates_GateMutex_Object__create__S)
                  00004b50    00000030     empty_pem4f.oem4f (.text:ti_sysbios_knl_Semaphore_construct)
                  00004b80    00000030     ti.targets.arm.rtsarm.aem4f : SysMin.oem4f (.text:xdc_runtime_SysMin_abort__E)
                  00004bb0    00000030                                 : System.oem4f (.text:xdc_runtime_System_processAtExit__E)
                  00004be0    0000002e     driverlib.lib : adc.obj (.text:ADCIntStatus)
                  00004c0e    00000002     --HOLE-- [fill = 0]
                  00004c10    0000002c     empty_pem4f.oem4f (.text:ti_sysbios_knl_Clock_doTick__I)
                  00004c3c    0000002c     empty_pem4f.oem4f (.text:ti_sysbios_knl_Queue_construct)
                  00004c68    0000002c     sysbios.aem4f : BIOS.obj (.text:ti_sysbios_knl_Task_restore__E)
                  00004c94    0000002c     ti.targets.arm.rtsarm.aem4f : Text.oem4f (.text:xdc_runtime_Text_cordText__E)
                  00004cc0    0000002a     driverlib.lib : gpio.obj (.text:GPIODirModeSet)
                  00004cea    0000002a     ti.targets.arm.rtsarm.aem4f : System.oem4f (.text:xdc_runtime_System_putchar__I)
                  00004d14    00000004     --HOLE-- [fill = 0]
                  00004d18    00000028     sysbios.aem4f : BIOS.obj (.text:ti_sysbios_knl_Swi_Module_startup__E)
                  00004d40    00000026                   : m3_Hwi_asm.obj (.text:ti_sysbios_family_arm_m3_Hwi_pendSV__I)
                  00004d66    00000026     ti.targets.arm.rtsarm.aem4f : System.oem4f (.text:xdc_runtime_System_avprintf__E)
                  00004d8c    00000024     uartstdio.obj (.text:UARTprintf)
                  00004db0    00000024     empty_pem4f.oem4f (.text:ti_sysbios_BIOS_errorRaiseHook__I)
                  00004dd4    00000024     empty_pem4f.oem4f (.text:ti_sysbios_BIOS_registerRTSLock__I)
                  00004df8    00000024     empty_pem4f.oem4f (.text:ti_sysbios_BIOS_removeRTSLock__I)
                  00004e1c    00000024     empty_pem4f.oem4f (.text:ti_sysbios_BIOS_startFunc__I)
                  00004e40    00000024     sysbios.aem4f : BIOS.obj (.text:ti_sysbios_family_arm_m3_Hwi_doTaskRestore__I)
                  00004e64    00000024     empty_pem4f.oem4f (.text:ti_sysbios_gates_GateMutex_Object__delete__S)
                  00004e88    00000024     sysbios.aem4f : BIOS.obj (.text:ti_sysbios_knl_Clock_Module_startup__E)
                  00004eac    00000024     ti.targets.arm.rtsarm.aem4f : System.oem4f (.text:xdc_runtime_System_vprintf__E)
                  00004ed0    00000022     driverlib.lib : pwm.obj (.text:PWMGenConfigure)
                  00004ef2    00000006                   : uart.obj (.text:UARTClockSourceSet)
                  00004ef8    00000022     sysbios.aem4f : BIOS.obj (.text:ti_sysbios_family_arm_lm4_Timer_write__I)
                  00004f1a    00000022     empty_pem4f.oem4f (.text:xdc_runtime_SysMin_output__I)
                  00004f3c    00000020     empty_pem4f.oem4f (.text:ti_sysbios_BIOS_rtsLock__I)
                  00004f5c    00000020     sysbios.aem4f : m3_Hwi_asm.obj (.text:ti_sysbios_family_arm_m3_Hwi_excHandlerAsm__I)
                  00004f7c    00000004     --HOLE-- [fill = 0]
                  00004f80    00000020                   : BIOS.obj (.text:ti_sysbios_family_arm_m3_Hwi_excHandler__I)
                  00004fa0    00000020     empty_pem4f.oem4f (.text:ti_sysbios_gates_GateHwi_Object__delete__S)
                  00004fc0    00000020     sysbios.aem4f : BIOS.obj (.text:ti_sysbios_knl_Idle_run__E)
                  00004fe0    00000020     empty_pem4f.oem4f (.text:ti_sysbios_knl_Semaphore_Object__destruct__S)
                  00005000    00000020     ti.targets.arm.rtsarm.aem4f : Registry.oem4f (.text:xdc_runtime_Registry_findById__E)
                  00005020    00000020                                 : SysMin.oem4f (.text:xdc_runtime_SysMin_Module_startup__E)
                  00005040    0000001e     driverlib.lib : adc.obj (.text:ADCSequenceDataGet)
                  0000505e    0000001e                   : pwm.obj (.text:PWMPulseWidthSet)
                  0000507c    0000001e     sysbios.aem4f : m3_Hwi_asm_switch.obj (.text:ti_sysbios_family_xxx_Hwi_switchAndRunFunc)
                  0000509a    00000002     --HOLE-- [fill = 0]
                  0000509c    0000001c     driverlib.lib : uart.obj (.text:UARTDisable)
                  000050b8    0000001c     sysbios.aem4f : BIOS.obj (.text:ti_sysbios_gates_GateMutex_Instance_init__E)
                  000050d4    0000001c     empty_pem4f.oem4f (.text:ti_sysbios_knl_Queue_Object__destruct__S)
                  000050f0    0000001c     sysbios.aem4f : BIOS.obj (.text:ti_sysbios_knl_Task_enter__I)
                  0000510c    0000001c     ti.targets.arm.rtsarm.aem4f : Error.oem4f (.text:xdc_runtime_Error_raiseX__E)
                  00005128    0000001c     empty_pem4f.oem4f (.text:xdc_runtime_HeapStd_Object__delete__S)
                  00005144    0000001c     ti.targets.arm.rtsarm.aem4f : Memory.oem4f (.text:xdc_runtime_Memory_valloc__E)
                  00005160    0000001c                                 : SysMin.oem4f (.text:xdc_runtime_SysMin_exit__E)
                  0000517c    0000001c                                 : System.oem4f (.text:xdc_runtime_System_abort__E)
                  00005198    0000001a     empty_pem4f.oem4f (.text:ti_sysbios_family_arm_m3_Hwi_Handle__label__S)
                  000051b2    0000001a     empty_pem4f.oem4f (.text:ti_sysbios_gates_GateHwi_Handle__label__S)
                  000051cc    0000001a     empty_pem4f.oem4f (.text:ti_sysbios_gates_GateMutex_Handle__label__S)
                  000051e6    0000001a     empty_pem4f.oem4f (.text:ti_sysbios_knl_Swi_Handle__label__S)
                  00005200    0000001a     empty_pem4f.oem4f (.text:ti_sysbios_knl_Task_Handle__label__S)
                  0000521a    0000001a     empty_pem4f.oem4f (.text:xdc_runtime_HeapStd_Handle__label__S)
                  00005234    0000001a     empty_pem4f.oem4f (.text:xdc_runtime_System_aprintf__E)
                  0000524e    0000001a     empty_pem4f.oem4f (.text:xdc_runtime_System_printf__E)
                  00005268    00000018     driverlib.lib : adc.obj (.text:ADCProcessorTrigger)
                  00005280    00000018                   : gpio.obj (.text:GPIOPinTypeGPIOOutput)
                  00005298    00000018     rtsv7M4_T_le_v4SPD16_eabi.lib : args_main.c.obj (.text:_args_main)
                  000052b0    00000018     empty.obj (.text:main)
                  000052c8    00000018     empty_pem4f.oem4f (.text:ti_sysbios_BIOS_rtsUnlock__I)
                  000052e0    00000018     empty_pem4f.oem4f (.text:ti_sysbios_family_arm_lm4_Timer_Module__startupDone__F)
                  000052f8    00000018     empty_pem4f.oem4f (.text:ti_sysbios_family_arm_m3_Hwi_Module__startupDone__F)
                  00005310    00000018     sysbios.aem4f : m3_TaskSupport_asm.obj (.text:ti_sysbios_family_arm_m3_TaskSupport_swap__E)
                  00005328    00000018                   : BIOS.obj (.text:ti_sysbios_gates_GateMutex_leave__E)
                  00005340    00000018     ti.targets.arm.rtsarm.aem4f : Error.oem4f (.text:xdc_runtime_Error_check__E)
                  00005358    00000018                                 : System.oem4f (.text:xdc_runtime_System_exit__E)
                  00005370    00000018                                 : Text.oem4f (.text:xdc_runtime_Text_ropeText__E)
                  00005388    00000016     empty_pem4f.oem4f (.text:ti_sysbios_BIOS_exitFunc__I)
                  0000539e    00000002     --HOLE-- [fill = 0]
                  000053a0    00000014     driverlib.lib : sysctl.obj (.text:SysCtlPWMClockSet)
                  000053b4    00000014                   : uart.obj (.text:UARTEnable)
                  000053c8    00000014     rtsv7M4_T_le_v4SPD16_eabi.lib : strlen.c.obj (.text:strlen)
                  000053dc    00000014     empty_pem4f.oem4f (.text:ti_sysbios_family_arm_m3_Hwi_Object__get__S)
                  000053f0    00000014     sysbios.aem4f : BIOS.obj (.text:ti_sysbios_family_arm_m3_Hwi_switchFromBootStack__E)
                  00005404    00000014     empty_pem4f.oem4f (.text:ti_sysbios_knl_Swi_Object__get__S)
                  00005418    00000012     driverlib.lib : adc.obj (.text:ADCHardwareOversampleConfigure)
                  0000542a    00000012                   : gpio.obj (.text:GPIOPinTypeADC)
                  0000543c    00000012                   : gpio.obj (.text:GPIOPinTypeGPIOInput)
                  0000544e    00000012                   : gpio.obj (.text:GPIOPinTypePWM)
                  00005460    00000012                   : gpio.obj (.text:GPIOPinTypeUART)
                  00005472    00000012                   : pwm.obj (.text:PWMOutputState)
                  00005484    00000012                   : timer.obj (.text:TimerLoadSet)
                  00005496    00000002     --HOLE-- [fill = 0]
                  00005498    00000012     sysbios.aem4f : BIOS.obj (.text:ti_sysbios_hal_Hwi_Module_startup__E)
                  000054aa    00000006     Boot.aem4f : Boot_sysctl.oem4f (.text:ti_catalog_arm_cortexm4_tiva_ce_Boot_sysCtlDelayI__I)
                  000054b0    00000012     sysbios.aem4f : BIOS.obj (.text:ti_sysbios_hal_Timer_Module_startup__E)
                  000054c2    00000012     empty_pem4f.oem4f (.text:xdc_runtime_Startup_exec__I)
                  000054d4    00000010     driverlib.lib : pwm.obj (.text:PWMGenPeriodSet)
                  000054e4    00000004     --HOLE-- [fill = 0]
                  000054e8    00000010     sysbios.aem4f : BIOS.obj (.text:ti_sysbios_BIOS_setThreadType__E)
                  000054f8    00000010                   : BIOS.obj (.text:ti_sysbios_BIOS_start__E)
                  00005508    00000010                   : m3_TaskSupport_asm.obj (.text:ti_sysbios_family_arm_m3_TaskSupport_glue)
                  00005518    00000010                   : BIOS.obj (.text:ti_sysbios_gates_GateMutex_Instance_finalize__E)
                  00005528    00000010                   : BIOS.obj (.text:ti_sysbios_knl_Semaphore_Instance_finalize__E)
                  00005538    00000010                   : BIOS.obj (.text:ti_sysbios_knl_Swi_disable__E)
                  00005548    00000010     empty_pem4f.oem4f (.text:ti_sysbios_knl_Task_Object__get__S)
                  00005558    00000010     sysbios.aem4f : BIOS.obj (.text:ti_sysbios_knl_Task_disable__E)
                  00005568    00000010     ti.targets.arm.rtsarm.aem4f : Gate.oem4f (.text:xdc_runtime_Gate_leaveSystem__E)
                  00005578    00000010                                 : Memory.oem4f (.text:xdc_runtime_Memory_free__E)
                  00005588    00000010                                 : SysMin.oem4f (.text:xdc_runtime_SysMin_ready__E)
                  00005598    00000010                                 : System.oem4f (.text:xdc_runtime_System_vsnprintf__E)
                  000055a8    00000010     empty_pem4f.oem4f (.text:xdc_runtime_Text_visitRope__I)
                  000055b8    0000000e     driverlib.lib : adc.obj (.text:ADCSequenceEnable)
                  000055c6    0000000e                   : timer.obj (.text:TimerEnable)
                  000055d4    0000000e     rtsv7M4_T_le_v4SPD16_eabi.lib : copy_decompress_none.c.obj (.text:decompress:none:__TI_decompress_none)
                  000055e2    00000006     ti.targets.arm.rtsarm.aem4f : System.oem4f (.text:xdc_runtime_System_Module_startup__E)
                  000055e8    0000000e     sysbios.aem4f : BIOS.obj (.text:ti_sysbios_knl_Idle_loop__E)
                  000055f6    00000002     --HOLE-- [fill = 0]
                  000055f8    0000000e                   : BIOS.obj (.text:ti_sysbios_knl_Queue_empty__E)
                  00005606    0000000e     ti.targets.arm.rtsarm.aem4f : HeapStd.oem4f (.text:xdc_runtime_HeapStd_getStats__E)
                  00005614    0000000c     empty_pem4f.oem4f (.text:.bootCodeSection:ti_catalog_arm_cortexm4_tiva_ce_Boot_init__I)
                  00005620    0000000c     driverlib.lib : pwm.obj (.text:PWMGenEnable)
                  0000562c    0000000c     rtsv7M4_T_le_v4SPD16_eabi.lib : _lock.c.obj (.text:_register_lock)
                  00005638    0000000c                                   : _lock.c.obj (.text:_register_unlock)
                  00005644    0000000c                                   : copy_zero_init.c.obj (.text:decompress:ZI:__TI_zero_init)
                  00005650    0000000c     sysbios.aem4f : BIOS.obj (.text:ti_sysbios_family_arm_lm4_Timer_getMaxTicks__E)
                  0000565c    00000004     --HOLE-- [fill = 0]
                  00005660    0000000c                   : BIOS.obj (.text:ti_sysbios_family_arm_m3_TaskSupport_checkStack__E)
                  0000566c    00000004     --HOLE-- [fill = 0]
                  00005670    0000000c                   : BIOS.obj (.text:ti_sysbios_gates_GateHwi_enter__E)
                  0000567c    0000000c     empty_pem4f.oem4f (.text:ti_sysbios_knl_Queue_Object__get__S)
                  00005688    0000000c     ti.targets.arm.rtsarm.aem4f : Error.oem4f (.text:xdc_runtime_Error_init__E)
                  00005694    0000000c                                 : Gate.oem4f (.text:xdc_runtime_Gate_enterSystem__E)
                  000056a0    0000000c                                 : Memory.oem4f (.text:xdc_runtime_Memory_calloc__E)
                  000056ac    0000000c                                 : Memory.oem4f (.text:xdc_runtime_Memory_getMaxDefaultTypeAlign__E)
                  000056b8    0000000a     driverlib.lib : adc.obj (.text:ADCIntClear)
                  000056c2    0000000a                   : uart.obj (.text:UARTCharPut)
                  000056cc    0000000a     empty_pem4f.oem4f (.text:xdc_runtime_IHeap_alloc)
                  000056d6    0000000a     empty_pem4f.oem4f (.text:xdc_runtime_IHeap_free)
                  000056e0    00000008     driverlib.lib : timer.obj (.text:TimerIntEnable)
                  000056e8    00000008     sysbios.aem4f : BIOS.obj (.text:ti_sysbios_family_arm_lm4_Timer_masterDisable__I)
                  000056f0    00000008                   : BIOS.obj (.text:ti_sysbios_family_arm_m3_Hwi_doSwiRestore__I)
                  000056f8    00000008                   : BIOS.obj (.text:ti_sysbios_family_arm_m3_Hwi_startup__E)
                  00005700    00000006                   : BIOS.obj (.text:ti_sysbios_gates_GateHwi_leave__E)
                  00005706    00000002     --HOLE-- [fill = 0]
                  00005708    00000006                   : BIOS.obj (.text:ti_sysbios_knl_Queue_Instance_init__E)
                  0000570e    00000002     --HOLE-- [fill = 0]
                  00005710    00000006                   : BIOS.obj (.text:ti_sysbios_knl_Swi_startup__E)
                  00005716    00000002     --HOLE-- [fill = 0]
                  00005718    00000004                   : BIOS.obj (.text:ti_sysbios_gates_GateHwi_query__E)
                  0000571c    00000004     --HOLE-- [fill = 0]
                  00005720    00000004                   : BIOS.obj (.text:ti_sysbios_gates_GateMutex_query__E)
                  00005724    00000004     --HOLE-- [fill = 0]
                  00005728    00000004                   : BIOS.obj (.text:ti_sysbios_knl_Task_startup__E)
                  0000572c    00000004     --HOLE-- [fill = 0]
                  00005730    00000002                   : BIOS.obj (.text:ti_sysbios_gates_GateHwi_Instance_init__E)

.const     0    00005734    00001b8a     
                  00005734    0000150b     empty_pem4f.oem4f (.const:xdc_runtime_Text_charTab__A)
                  00006c3f    00000001     empty_pem4f.oem4f (.const:xdc_runtime_Error_policy__C)
                  00006c40    000000bc     empty_pem4f.oem4f (.const:xdc_runtime_Text_nodeTab__A)
                  00006cfc    00000090     driverlib.lib : gpio.obj (.const:g_pui32GPIOBaseAddrs)
                  00006d8c    0000006c                   : sysctl.obj (.const:g_pui32Xtals)
                  00006df8    00000048     empty_pem4f.oem4f (.const:.string)
                  00006e40    00000028     empty_pem4f.oem4f (.const:xdc_runtime_HeapStd_Module__FXNS__C)
                  00006e68    00000024     empty_pem4f.oem4f (.const:ti_sysbios_gates_GateHwi_Module__FXNS__C)
                  00006e8c    00000024     empty_pem4f.oem4f (.const:ti_sysbios_gates_GateMutex_Module__FXNS__C)
                  00006eb0    00000024     empty_pem4f.oem4f (.const:ti_sysbios_knl_Semaphore_Object__PARAMS__C)
                  00006ed4    00000024     empty_pem4f.oem4f (.const:xdc_runtime_Startup_sfxnTab__A)
                  00006ef8    00000020     empty_pem4f.oem4f (.const)
                  00006f18    00000020     empty_pem4f.oem4f (.const:ti_sysbios_gates_GateHwi_Object__DESC__C)
                  00006f38    00000020     empty_pem4f.oem4f (.const:ti_sysbios_gates_GateMutex_Object__DESC__C)
                  00006f58    00000020     empty_pem4f.oem4f (.const:ti_sysbios_knl_Queue_Object__DESC__C)
                  00006f78    00000020     empty_pem4f.oem4f (.const:ti_sysbios_knl_Semaphore_Object__DESC__C)
                  00006f98    00000020     empty_pem4f.oem4f (.const:xdc_runtime_HeapStd_Object__DESC__C)
                  00006fb8    0000001c     empty_pem4f.oem4f (.const:xdc_runtime_HeapStd_Object__PARAMS__C)
                  00006fd4    00000018     empty_pem4f.oem4f (.const:ti_sysbios_gates_GateHwi_Object__PARAMS__C)
                  00006fec    00000018     empty_pem4f.oem4f (.const:ti_sysbios_gates_GateMutex_Object__PARAMS__C)
                  00007004    00000018     empty_pem4f.oem4f (.const:ti_sysbios_knl_Queue_Object__PARAMS__C)
                  0000701c    00000012     uartstdio.obj (.const:.string)
                  0000702e    00000012     empty_pem4f.oem4f (.const:xdc_runtime_Startup_sfxnRts__A)
                  00007040    00000010     empty_pem4f.oem4f (.const:xdc_runtime_Startup_firstFxns__A)
                  00007050    0000000c     uartstdio.obj (.const:g_ui32UARTBase)
                  0000705c    0000000c     uartstdio.obj (.const:g_ui32UARTPeriph)
                  00007068    00000008     empty_pem4f.oem4f (.const:ti_sysbios_family_arm_m3_Hwi_excHookFuncs__A)
                  00007070    00000008     empty_pem4f.oem4f (.const:ti_sysbios_knl_Idle_funcList__C)
                  00007078    00000008     empty_pem4f.oem4f (.const:xdc_runtime_Startup_firstFxns__C)
                  00007080    00000008     empty_pem4f.oem4f (.const:xdc_runtime_Startup_lastFxns__C)
                  00007088    00000004     empty_pem4f.oem4f (.const:ti_catalog_arm_cortexm4_tiva_ce_Boot_A_mustUseEnhancedClockMode__C)
                  0000708c    00000004     empty_pem4f.oem4f (.const:ti_catalog_arm_cortexm4_tiva_ce_Boot_Module__diagsEnabled__C)
                  00007090    00000004     empty_pem4f.oem4f (.const:ti_catalog_arm_cortexm4_tiva_ce_Boot_Module__diagsIncluded__C)
                  00007094    00000004     empty_pem4f.oem4f (.const:ti_catalog_arm_cortexm4_tiva_ce_Boot_Module__diagsMask__C)
                  00007098    00000004     empty_pem4f.oem4f (.const:ti_sysbios_family_arm_lm4_Timer_enableFunc__C)
                  0000709c    00000004     empty_pem4f.oem4f (.const:ti_sysbios_family_arm_lm4_Timer_numTimerDevices__C)
                  000070a0    00000004     empty_pem4f.oem4f (.const:ti_sysbios_family_arm_lm4_Timer_startupNeeded__C)
                  000070a4    00000004     empty_pem4f.oem4f (.const:ti_sysbios_family_arm_m3_Hwi_E_NMI__C)
                  000070a8    00000004     empty_pem4f.oem4f (.const:ti_sysbios_family_arm_m3_Hwi_E_busFault__C)
                  000070ac    00000004     empty_pem4f.oem4f (.const:ti_sysbios_family_arm_m3_Hwi_E_debugMon__C)
                  000070b0    00000004     empty_pem4f.oem4f (.const:ti_sysbios_family_arm_m3_Hwi_E_hardFault__C)
                  000070b4    00000004     empty_pem4f.oem4f (.const:ti_sysbios_family_arm_m3_Hwi_E_memFault__C)
                  000070b8    00000004     empty_pem4f.oem4f (.const:ti_sysbios_family_arm_m3_Hwi_E_noIsr__C)
                  000070bc    00000004     empty_pem4f.oem4f (.const:ti_sysbios_family_arm_m3_Hwi_E_reserved__C)
                  000070c0    00000004     empty_pem4f.oem4f (.const:ti_sysbios_family_arm_m3_Hwi_E_svCall__C)
                  000070c4    00000004     empty_pem4f.oem4f (.const:ti_sysbios_family_arm_m3_Hwi_E_usageFault__C)
                  000070c8    00000004     empty_pem4f.oem4f (.const:ti_sysbios_family_arm_m3_Hwi_LD_end__C)
                  000070cc    00000004     empty_pem4f.oem4f (.const:ti_sysbios_family_arm_m3_Hwi_LM_begin__C)
                  000070d0    00000004     empty_pem4f.oem4f (.const:ti_sysbios_family_arm_m3_Hwi_Module__diagsEnabled__C)
                  000070d4    00000004     empty_pem4f.oem4f (.const:ti_sysbios_family_arm_m3_Hwi_Module__diagsIncluded__C)
                  000070d8    00000004     empty_pem4f.oem4f (.const:ti_sysbios_family_arm_m3_Hwi_Module__diagsMask__C)
                  000070dc    00000004     empty_pem4f.oem4f (.const:ti_sysbios_family_arm_m3_Hwi_Module__loggerFxn1__C)
                  000070e0    00000004     empty_pem4f.oem4f (.const:ti_sysbios_family_arm_m3_Hwi_Module__loggerFxn8__C)
                  000070e4    00000004     empty_pem4f.oem4f (.const:ti_sysbios_family_arm_m3_Hwi_Module__loggerObj__C)
                  000070e8    00000004     empty_pem4f.oem4f (.const:ti_sysbios_family_arm_m3_Hwi_NUM_INTERRUPTS__C)
                  000070ec    00000004     empty_pem4f.oem4f (.const:ti_sysbios_family_arm_m3_Hwi_Object__count__C)
                  000070f0    00000004     empty_pem4f.oem4f (.const:ti_sysbios_family_arm_m3_Hwi_ccr__C)
                  000070f4    00000004     empty_pem4f.oem4f (.const:ti_sysbios_family_arm_m3_Hwi_excHandlerFunc__C)
                  000070f8    00000004     empty_pem4f.oem4f (.const:ti_sysbios_family_arm_m3_Hwi_excHookFuncs__C)
                  000070fc    00000004     empty_pem4f.oem4f (.const:ti_sysbios_family_arm_m3_Hwi_nullIsrFunc__C)
                  00007100    00000004     empty_pem4f.oem4f (.const:ti_sysbios_family_arm_m3_Hwi_priGroup__C)
                  00007104    00000004     empty_pem4f.oem4f (.const:ti_sysbios_gates_GateMutex_A_badContext__C)
                  00007108    00000004     empty_pem4f.oem4f (.const:ti_sysbios_gates_GateMutex_Instance_State_sem__O)
                  0000710c    00000004     empty_pem4f.oem4f (.const:ti_sysbios_gates_GateMutex_Module__diagsEnabled__C)
                  00007110    00000004     empty_pem4f.oem4f (.const:ti_sysbios_gates_GateMutex_Module__diagsIncluded__C)
                  00007114    00000004     empty_pem4f.oem4f (.const:ti_sysbios_gates_GateMutex_Module__diagsMask__C)
                  00007118    00000004     empty_pem4f.oem4f (.const:ti_sysbios_hal_Hwi_E_stackOverflow__C)
                  0000711c    00000004     empty_pem4f.oem4f (.const:ti_sysbios_knl_Clock_LM_begin__C)
                  00007120    00000004     empty_pem4f.oem4f (.const:ti_sysbios_knl_Clock_LM_tick__C)
                  00007124    00000004     empty_pem4f.oem4f (.const:ti_sysbios_knl_Clock_LW_delayed__C)
                  00007128    00000004     empty_pem4f.oem4f (.const:ti_sysbios_knl_Clock_Module_State_clockQ__O)
                  0000712c    00000004     empty_pem4f.oem4f (.const:ti_sysbios_knl_Clock_Module__diagsEnabled__C)
                  00007130    00000004     empty_pem4f.oem4f (.const:ti_sysbios_knl_Clock_Module__diagsIncluded__C)
                  00007134    00000004     empty_pem4f.oem4f (.const:ti_sysbios_knl_Clock_Module__diagsMask__C)
                  00007138    00000004     empty_pem4f.oem4f (.const:ti_sysbios_knl_Clock_Module__loggerFxn1__C)
                  0000713c    00000004     empty_pem4f.oem4f (.const:ti_sysbios_knl_Clock_Module__loggerFxn2__C)
                  00007140    00000004     empty_pem4f.oem4f (.const:ti_sysbios_knl_Clock_Module__loggerObj__C)
                  00007144    00000004     empty_pem4f.oem4f (.const:ti_sysbios_knl_Idle_funcList__A)
                  00007148    00000004     empty_pem4f.oem4f (.const:ti_sysbios_knl_Semaphore_A_badContext__C)
                  0000714c    00000004     empty_pem4f.oem4f (.const:ti_sysbios_knl_Semaphore_A_noEvents__C)
                  00007150    00000004     empty_pem4f.oem4f (.const:ti_sysbios_knl_Semaphore_A_overflow__C)
                  00007154    00000004     empty_pem4f.oem4f (.const:ti_sysbios_knl_Semaphore_A_pendTaskDisabled__C)
                  00007158    00000004     empty_pem4f.oem4f (.const:ti_sysbios_knl_Semaphore_Instance_State_pendQ__O)
                  0000715c    00000004     empty_pem4f.oem4f (.const:ti_sysbios_knl_Semaphore_LM_pend__C)
                  00007160    00000004     empty_pem4f.oem4f (.const:ti_sysbios_knl_Semaphore_LM_post__C)
                  00007164    00000004     empty_pem4f.oem4f (.const:ti_sysbios_knl_Semaphore_Module__diagsEnabled__C)
                  00007168    00000004     empty_pem4f.oem4f (.const:ti_sysbios_knl_Semaphore_Module__diagsIncluded__C)
                  0000716c    00000004     empty_pem4f.oem4f (.const:ti_sysbios_knl_Semaphore_Module__diagsMask__C)
                  00007170    00000004     empty_pem4f.oem4f (.const:ti_sysbios_knl_Semaphore_Module__loggerFxn2__C)
                  00007174    00000004     empty_pem4f.oem4f (.const:ti_sysbios_knl_Semaphore_Module__loggerFxn4__C)
                  00007178    00000004     empty_pem4f.oem4f (.const:ti_sysbios_knl_Semaphore_Module__loggerObj__C)
                  0000717c    00000004     empty_pem4f.oem4f (.const:ti_sysbios_knl_Swi_LD_end__C)
                  00007180    00000004     empty_pem4f.oem4f (.const:ti_sysbios_knl_Swi_LM_begin__C)
                  00007184    00000004     empty_pem4f.oem4f (.const:ti_sysbios_knl_Swi_LM_post__C)
                  00007188    00000004     empty_pem4f.oem4f (.const:ti_sysbios_knl_Swi_Module__diagsEnabled__C)
                  0000718c    00000004     empty_pem4f.oem4f (.const:ti_sysbios_knl_Swi_Module__diagsIncluded__C)
                  00007190    00000004     empty_pem4f.oem4f (.const:ti_sysbios_knl_Swi_Module__diagsMask__C)
                  00007194    00000004     empty_pem4f.oem4f (.const:ti_sysbios_knl_Swi_Module__loggerFxn1__C)
                  00007198    00000004     empty_pem4f.oem4f (.const:ti_sysbios_knl_Swi_Module__loggerFxn4__C)
                  0000719c    00000004     empty_pem4f.oem4f (.const:ti_sysbios_knl_Swi_Module__loggerObj__C)
                  000071a0    00000004     empty_pem4f.oem4f (.const:ti_sysbios_knl_Swi_Object__count__C)
                  000071a4    00000004     empty_pem4f.oem4f (.const:ti_sysbios_knl_Task_E_spOutOfBounds__C)
                  000071a8    00000004     empty_pem4f.oem4f (.const:ti_sysbios_knl_Task_E_stackOverflow__C)
                  000071ac    00000004     empty_pem4f.oem4f (.const:ti_sysbios_knl_Task_LD_block__C)
                  000071b0    00000004     empty_pem4f.oem4f (.const:ti_sysbios_knl_Task_LD_exit__C)
                  000071b4    00000004     empty_pem4f.oem4f (.const:ti_sysbios_knl_Task_LD_ready__C)
                  000071b8    00000004     empty_pem4f.oem4f (.const:ti_sysbios_knl_Task_LM_switch__C)
                  000071bc    00000004     empty_pem4f.oem4f (.const:ti_sysbios_knl_Task_Module_State_inactiveQ__O)
                  000071c0    00000004     empty_pem4f.oem4f (.const:ti_sysbios_knl_Task_Module__diagsEnabled__C)
                  000071c4    00000004     empty_pem4f.oem4f (.const:ti_sysbios_knl_Task_Module__diagsIncluded__C)
                  000071c8    00000004     empty_pem4f.oem4f (.const:ti_sysbios_knl_Task_Module__diagsMask__C)
                  000071cc    00000004     empty_pem4f.oem4f (.const:ti_sysbios_knl_Task_Module__loggerFxn2__C)
                  000071d0    00000004     empty_pem4f.oem4f (.const:ti_sysbios_knl_Task_Module__loggerFxn4__C)
                  000071d4    00000004     empty_pem4f.oem4f (.const:ti_sysbios_knl_Task_Module__loggerObj__C)
                  000071d8    00000004     empty_pem4f.oem4f (.const:ti_sysbios_knl_Task_Object__count__C)
                  000071dc    00000004     empty_pem4f.oem4f (.const:ti_sysbios_knl_Task_allBlockedFunc__C)
                  000071e0    00000004     empty_pem4f.oem4f (.const:ti_sysbios_knl_Task_numConstructedTasks__C)
                  000071e4    00000004     uartstdio.obj (.const)
                  000071e8    00000004     empty_pem4f.oem4f (.const:xdc_runtime_Assert_E_assertFailed__C)
                  000071ec    00000004     empty_pem4f.oem4f (.const:xdc_runtime_Core_A_initializedParams__C)
                  000071f0    00000004     empty_pem4f.oem4f (.const:xdc_runtime_Core_Module__diagsEnabled__C)
                  000071f4    00000004     empty_pem4f.oem4f (.const:xdc_runtime_Core_Module__diagsIncluded__C)
                  000071f8    00000004     empty_pem4f.oem4f (.const:xdc_runtime_Core_Module__diagsMask__C)
                  000071fc    00000004     empty_pem4f.oem4f (.const:xdc_runtime_Error_E_memory__C)
                  00007200    00000004     empty_pem4f.oem4f (.const:xdc_runtime_Error_Module__diagsEnabled__C)
                  00007204    00000004     empty_pem4f.oem4f (.const:xdc_runtime_Error_Module__diagsIncluded__C)
                  00007208    00000004     empty_pem4f.oem4f (.const:xdc_runtime_Error_Module__diagsMask__C)
                  0000720c    00000004     empty_pem4f.oem4f (.const:xdc_runtime_Error_Module__loggerFxn8__C)
                  00007210    00000004     empty_pem4f.oem4f (.const:xdc_runtime_Error_Module__loggerObj__C)
                  00007214    00000004     empty_pem4f.oem4f (.const:xdc_runtime_Error_policyFxn__C)
                  00007218    00000004     empty_pem4f.oem4f (.const:xdc_runtime_Error_raiseHook__C)
                  0000721c    00000004     empty_pem4f.oem4f (.const:xdc_runtime_HeapStd_A_align__C)
                  00007220    00000004     empty_pem4f.oem4f (.const:xdc_runtime_HeapStd_A_invalidTotalFreeSize__C)
                  00007224    00000004     empty_pem4f.oem4f (.const:xdc_runtime_HeapStd_A_zeroSize__C)
                  00007228    00000004     empty_pem4f.oem4f (.const:xdc_runtime_HeapStd_E_noRTSMemory__C)
                  0000722c    00000004     empty_pem4f.oem4f (.const:xdc_runtime_HeapStd_Module__diagsEnabled__C)
                  00007230    00000004     empty_pem4f.oem4f (.const:xdc_runtime_HeapStd_Module__diagsIncluded__C)
                  00007234    00000004     empty_pem4f.oem4f (.const:xdc_runtime_HeapStd_Module__diagsMask__C)
                  00007238    00000004     empty_pem4f.oem4f (.const:xdc_runtime_IGateProvider_Interface__BASE__C)
                  0000723c    00000004     empty_pem4f.oem4f (.const:xdc_runtime_IHeap_Interface__BASE__C)
                  00007240    00000004     empty_pem4f.oem4f (.const:xdc_runtime_IModule_Interface__BASE__C)
                  00007244    00000004     empty_pem4f.oem4f (.const:xdc_runtime_Log_L_error__C)
                  00007248    00000004     empty_pem4f.oem4f (.const:xdc_runtime_Memory_defaultHeapInstance__C)
                  0000724c    00000004     empty_pem4f.oem4f (.const:xdc_runtime_Startup_execImpl__C)
                  00007250    00000004     empty_pem4f.oem4f (.const:xdc_runtime_Startup_maxPasses__C)
                  00007254    00000004     empty_pem4f.oem4f (.const:xdc_runtime_Startup_sfxnRts__C)
                  00007258    00000004     empty_pem4f.oem4f (.const:xdc_runtime_Startup_sfxnTab__C)
                  0000725c    00000004     empty_pem4f.oem4f (.const:xdc_runtime_SysMin_bufSize__C)
                  00007260    00000004     empty_pem4f.oem4f (.const:xdc_runtime_SysMin_outputFunc__C)
                  00007264    00000004     empty_pem4f.oem4f (.const:xdc_runtime_System_Module__gateObj__C)
                  00007268    00000004     empty_pem4f.oem4f (.const:xdc_runtime_System_abortFxn__C)
                  0000726c    00000004     empty_pem4f.oem4f (.const:xdc_runtime_System_exitFxn__C)
                  00007270    00000004     empty_pem4f.oem4f (.const:xdc_runtime_System_extendFxn__C)
                  00007274    00000004     empty_pem4f.oem4f (.const:xdc_runtime_System_maxAtexitHandlers__C)
                  00007278    00000004     empty_pem4f.oem4f (.const:xdc_runtime_Text_charTab__C)
                  0000727c    00000004     empty_pem4f.oem4f (.const:xdc_runtime_Text_nameEmpty__C)
                  00007280    00000004     empty_pem4f.oem4f (.const:xdc_runtime_Text_nameStatic__C)
                  00007284    00000004     empty_pem4f.oem4f (.const:xdc_runtime_Text_nameUnknown__C)
                  00007288    00000004     empty_pem4f.oem4f (.const:xdc_runtime_Text_nodeTab__C)
                  0000728c    00000004     empty_pem4f.oem4f (.const:xdc_runtime_Text_visitRopeFxn__C)
                  00007290    00000002     empty_pem4f.oem4f (.const:ti_catalog_arm_cortexm4_tiva_ce_Boot_Module__id__C)
                  00007292    00000002     empty_pem4f.oem4f (.const:ti_sysbios_family_arm_m3_Hwi_Module__id__C)
                  00007294    00000002     empty_pem4f.oem4f (.const:ti_sysbios_family_arm_m3_Hwi_Module__loggerDefined__C)
                  00007296    00000002     empty_pem4f.oem4f (.const:ti_sysbios_gates_GateMutex_Module__id__C)
                  00007298    00000002     empty_pem4f.oem4f (.const:ti_sysbios_hal_Hwi_Module__id__C)
                  0000729a    00000002     empty_pem4f.oem4f (.const:ti_sysbios_knl_Clock_Module__id__C)
                  0000729c    00000002     empty_pem4f.oem4f (.const:ti_sysbios_knl_Clock_Module__loggerDefined__C)
                  0000729e    00000002     empty_pem4f.oem4f (.const:ti_sysbios_knl_Semaphore_Module__id__C)
                  000072a0    00000002     empty_pem4f.oem4f (.const:ti_sysbios_knl_Semaphore_Module__loggerDefined__C)
                  000072a2    00000002     empty_pem4f.oem4f (.const:ti_sysbios_knl_Swi_Module__id__C)
                  000072a4    00000002     empty_pem4f.oem4f (.const:ti_sysbios_knl_Swi_Module__loggerDefined__C)
                  000072a6    00000002     empty_pem4f.oem4f (.const:ti_sysbios_knl_Task_Module__id__C)
                  000072a8    00000002     empty_pem4f.oem4f (.const:ti_sysbios_knl_Task_Module__loggerDefined__C)
                  000072aa    00000002     empty_pem4f.oem4f (.const:xdc_runtime_Core_Module__id__C)
                  000072ac    00000002     empty_pem4f.oem4f (.const:xdc_runtime_Error_Module__loggerDefined__C)
                  000072ae    00000002     empty_pem4f.oem4f (.const:xdc_runtime_Error_maxDepth__C)
                  000072b0    00000002     empty_pem4f.oem4f (.const:xdc_runtime_HeapStd_Module__id__C)
                  000072b2    00000002     empty_pem4f.oem4f (.const:xdc_runtime_Memory_Module__id__C)
                  000072b4    00000002     empty_pem4f.oem4f (.const:xdc_runtime_SysMin_flushAtExit__C)
                  000072b6    00000002     empty_pem4f.oem4f (.const:xdc_runtime_Text_charCnt__C)
                  000072b8    00000002     empty_pem4f.oem4f (.const:xdc_runtime_Text_isLoaded__C)
                  000072ba    00000002     empty_pem4f.oem4f (.const:xdc_runtime_Text_registryModsLastId__C)
                  000072bc    00000002     empty_pem4f.oem4f (.const:xdc_runtime_Text_unnamedModsLastId__C)

.cinit     0    000072c0    00000258     
                  000072c0    00000223     (.cinit..data.load) [load image, compression = lzss]
                  000074e3    00000001     --HOLE-- [fill = 0]
                  000074e4    0000000c     (__TI_handler_table)
                  000074f0    00000008     (.cinit..bss.load) [load image, compression = zero_init]
                  000074f8    00000008     (.cinit..vecs.load) [load image, compression = zero_init]
                  00007500    00000018     (__TI_cinit_table)

.init_array 
*          0    00000000    00000000     UNINITIALIZED

.resetVecs 
*          0    00000000    0000003c     
                  00000000    0000003c     empty_pem4f.oem4f (.resetVecs)

.bss       0    20000360    00002527     UNINITIALIZED
                  20000360    00002000     empty_pem4f.oem4f (.bss:taskStackSection)
                  20002360    00000360     (.common:ti_sysbios_family_arm_m3_Hwi_dispatchTable)
                  200026c0    00000120     rtsv7M4_T_le_v4SPD16_eabi.lib : trgmsg.c.obj (.bss:_CIOBUF_)
                  200027e0    00000080     (.common:xdc_runtime_SysMin_Module_State_0_outbuf__A)
                  20002860    00000010     (.common:ui32ADC0Value)
                  20002870    00000008     (.common:parmbuf)
                  20002878    00000004     (.common:ADCAvg)
                  2000287c    00000004     (.common:ui32Load)
                  20002880    00000004     (.common:ui32PWMClock)
                  20002884    00000002     (.common:i16ToggleCount)
                  20002886    00000001     (.common:buttonPressed)

.data      0    20002888    00000556     UNINITIALIZED
                  20002888    00000130     empty_pem4f.oem4f (.data:ti_sysbios_knl_Task_Object__table__V)
                  200029b8    00000080     empty_pem4f.oem4f (.data:ti_sysbios_family_arm_lm4_Timer_Object__table__V)
                  20002a38    00000080     empty_pem4f.oem4f (.data:ti_sysbios_knl_Swi_Module_State_0_readyQ__A)
                  20002ab8    00000080     empty_pem4f.oem4f (.data:ti_sysbios_knl_Task_Module_State_0_readyQ__A)
                  20002b38    00000048     empty_pem4f.oem4f (.data:ti_sysbios_family_arm_m3_Hwi_Object__table__V)
                  20002b80    00000044     empty_pem4f.oem4f (.data:ti_sysbios_knl_Task_Module__state__V)
                  20002bc4    0000003c     empty_pem4f.oem4f (.data:ti_sysbios_knl_Semaphore_Object__table__V)
                  20002c00    00000034     empty_pem4f.oem4f (.data:ti_sysbios_family_arm_m3_Hwi_Module__state__V)
                  20002c34    00000030     empty_pem4f.oem4f (.data:ti_sysbios_family_arm_lm4_Timer_Module_State_0_device__A)
                  20002c64    00000030     empty_pem4f.oem4f (.data:ti_sysbios_knl_Swi_Object__table__V)
                  20002c94    0000002c     empty_pem4f.oem4f (.data:ti_sysbios_knl_Clock_Module__state__V)
                  20002cc0    00000024     empty_pem4f.oem4f (.data:ti_sysbios_BIOS_Module__state__V)
                  20002ce4    0000001c     empty_pem4f.oem4f (.data:ti_sysbios_gates_GateMutex_Object__table__V)
                  20002d00    0000001c     empty_pem4f.oem4f (.data:ti_sysbios_knl_Swi_Module__state__V)
                  20002d1c    00000018     empty_pem4f.oem4f (.data:ti_sysbios_family_arm_lm4_Timer_Module_State_0_handles__A)
                  20002d34    0000000c     empty_pem4f.oem4f (.data:ti_sysbios_family_arm_lm4_Timer_Module__state__V)
                  20002d40    0000000c     empty_pem4f.oem4f (.data:xdc_runtime_HeapStd_Object__table__V)
                  20002d4c    0000000c     empty_pem4f.oem4f (.data:xdc_runtime_SysMin_Module__state__V)
                  20002d58    00000008     rtsv7M4_T_le_v4SPD16_eabi.lib : _lock.c.obj (.data:$O1$$)
                  20002d60    00000008     empty_pem4f.oem4f (.data:ti_sysbios_gates_GateHwi_Module__root__V)
                  20002d68    00000008     empty_pem4f.oem4f (.data:ti_sysbios_gates_GateMutex_Module__root__V)
                  20002d70    00000008     empty_pem4f.oem4f (.data:ti_sysbios_hal_Hwi_Object__table__V)
                  20002d78    00000008     empty_pem4f.oem4f (.data:ti_sysbios_hal_Timer_Object__table__V)
                  20002d80    00000008     empty_pem4f.oem4f (.data:ti_sysbios_knl_Queue_Module__root__V)
                  20002d88    00000008     empty_pem4f.oem4f (.data:ti_sysbios_knl_Semaphore_Module__root__V)
                  20002d90    00000008     empty_pem4f.oem4f (.data:xdc_runtime_HeapStd_Module__root__V)
                  20002d98    00000008     empty_pem4f.oem4f (.data:xdc_runtime_Registry_Module__state__V)
                  20002da0    00000008     empty_pem4f.oem4f (.data:xdc_runtime_Startup_Module__state__V)
                  20002da8    00000008     empty_pem4f.oem4f (.data:xdc_runtime_System_Module_State_0_atexitHandlers__A)
                  20002db0    00000008     empty_pem4f.oem4f (.data:xdc_runtime_System_Module__state__V)
                  20002db8    00000005     uartstdio.obj (.data)
                  20002dbd    00000001     --HOLE--
                  20002dbe    00000002     empty_pem4f.oem4f (.data:ti_sysbios_family_arm_m3_Hwi_Module_State_0_excActive__A)
                  20002dc0    00000004     rtsv7M4_T_le_v4SPD16_eabi.lib : stkdepth_vars.c.obj (.data)
                  20002dc4    00000004     empty_pem4f.oem4f (.data:ti_sysbios_family_arm_m3_Hwi_Module_State_0_excContext__A)
                  20002dc8    00000004     empty_pem4f.oem4f (.data:ti_sysbios_family_arm_m3_Hwi_Module_State_0_excStack__A)
                  20002dcc    00000004     empty_pem4f.oem4f (.data:ti_sysbios_gates_GateHwi_Object__table__V)
                  20002dd0    00000004     empty_pem4f.oem4f (.data:ti_sysbios_knl_Task_Module_State_0_idleTask__A)
                  20002dd4    00000004     empty_pem4f.oem4f (.data:xdc_runtime_HeapStd_Module__state__V)
                  20002dd8    00000004     empty_pem4f.oem4f (.data:xdc_runtime_Memory_Module__state__V)
                  20002ddc    00000002     empty_pem4f.oem4f (.data:xdc_runtime_Error_Module__state__V)

.stack     0    20002de0    00000400     UNINITIALIZED
                  20002de0    00000400     --HOLE--

.bootVecs 
*          0    00000000    00000008     DSECT
                  00000000    00000008     boot.aem4f : boot.oem4f (.bootVecs)

.vecs      0    20000000    00000360     UNINITIALIZED
                  20000000    00000360     empty_pem4f.oem4f (.vecs)

xdc.meta   0    00000000    000000eb     COPY SECTION
                  00000000    000000eb     empty_pem4f.oem4f (xdc.meta)

MODULE SUMMARY

       Module                       code    ro data   rw data
       ------                       ----    -------   -------
    .\
       uartstdio.obj                976     46        5      
       empty.obj                    960     0         31     
    +--+----------------------------+-------+---------+---------+
       Total:                       1936    46        36     
                                                             
    C:\Users\oit\workspace_v9_2\empty_EK_TM4C123GXL_TI\Debug\configPkg\package\cfg\
       empty_pem4f.oem4f            1460    6812      11396  
    +--+----------------------------+-------+---------+---------+
       Total:                       1460    6812      11396  
                                                             
    C:/ti/tirtos_tivac_2_16_00_08/products/TivaWare_C_Series-2.1.1.71b/driverlib/ccs/Debug/driverlib.lib
       sysctl.obj                   642     108       0      
       gpio.obj                     526     144       0      
       adc.obj                      326     0         0      
       timer.obj                    140     0         0      
       uart.obj                     130     0         0      
       pwm.obj                      110     0         0      
    +--+----------------------------+-------+---------+---------+
       Total:                       1874    252       0      
                                                             
    C:\Users\oit\workspace_v9_2\empty_EK_TM4C123GXL_TI\src\sysbios\sysbios.aem4f
       BIOS.obj                     10034   0         0      
       m3_Hwi_asm.obj               314     0         0      
       m3_TaskSupport_asm.obj       180     0         0      
       m3_Hwi_asm_switch.obj        118     0         0      
    +--+----------------------------+-------+---------+---------+
       Total:                       10646   0         0      
                                                             
    C:\ti\ccs920\ccs\tools\compiler\ti-cgt-arm_18.12.3.LTS\lib\rtsv7M4_T_le_v4SPD16_eabi.lib
       trgmsg.c.obj                 108     0         288    
       memcpy_t2.asm.obj            156     0         0      
       memset_t2.asm.obj            122     0         0      
       copy_decompress_lzss.c.obj   104     0         0      
       hostwrite.c.obj              88      0         0      
       cpy_tbl.c.obj                76      0         0      
       u_divt2.asm.obj              64      0         0      
       _lock.c.obj                  26      0         8      
       args_main.c.obj              24      0         0      
       strlen.c.obj                 20      0         0      
       copy_decompress_none.c.obj   14      0         0      
       copy_zero_init.c.obj         12      0         0      
       hostopen.c.obj               0       0         8      
       exit.c.obj                   4       0         0      
       stkdepth_vars.c.obj          0       0         4      
       div0.asm.obj                 2       0         0      
    +--+----------------------------+-------+---------+---------+
       Total:                       820     0         308    
                                                             
    C:\ti\tirtos_tivac_2_16_00_08\products\bios_6_45_01_29\packages\ti\catalog\arm\cortexm4\tiva\ce\lib\Boot.aem4f
       Boot_sysctl.oem4f            262     0         0      
       Boot.oem4f                   152     0         0      
    +--+----------------------------+-------+---------+---------+
       Total:                       414     0         0      
                                                             
    C:\ti\tirtos_tivac_2_16_00_08\products\bios_6_45_01_29\packages\ti\targets\arm\rtsarm\lib\auto_init.aem4f
       auto_init.oem4f              160     0         0      
    +--+----------------------------+-------+---------+---------+
       Total:                       160     0         0      
                                                             
    C:\ti\tirtos_tivac_2_16_00_08\products\bios_6_45_01_29\packages\ti\targets\arm\rtsarm\lib\boot.aem4f
       boot.oem4f                   88      0         0      
    +--+----------------------------+-------+---------+---------+
       Total:                       88      0         0      
                                                             
    C:\ti\tirtos_tivac_2_16_00_08\products\bios_6_45_01_29\packages\ti\targets\arm\rtsarm\lib\ti.targets.arm.rtsarm.aem4f
       System.oem4f                 1255    0         0      
       HeapStd.oem4f                714     0         0      
       Text.oem4f                   672     0         0      
       Error.oem4f                  524     0         0      
       Core-mem.oem4f               358     0         0      
       Startup.oem4f                328     0         0      
       SysMin.oem4f                 248     0         0      
       Core-smem.oem4f              204     0         0      
       Memory.oem4f                 176     0         0      
       Assert.oem4f                 84      0         0      
       Core-params.oem4f            70      0         0      
       Core-label.oem4f             52      0         0      
       Registry.oem4f               32      0         0      
       Gate.oem4f                   28      0         0      
    +--+----------------------------+-------+---------+---------+
       Total:                       4745    0         0      
                                                             
       Stack:                       0       0         1024   
       Linker Generated:            0       599       0      
    +--+----------------------------+-------+---------+---------+
       Grand Total:                 22143   7709      12764  


LINKER GENERATED COPY TABLES

__TI_cinit_table @ 00007500 records: 3, size/record: 8, table size: 24
	.data: load addr=000072c0, load size=00000223 bytes, run addr=20002888, run size=00000556 bytes, compression=lzss
	.bss: load addr=000074f0, load size=00000008 bytes, run addr=20000360, run size=00002527 bytes, compression=zero_init
	.vecs: load addr=000074f8, load size=00000008 bytes, run addr=20000000, run size=00000360 bytes, compression=zero_init


LINKER GENERATED HANDLER TABLE

__TI_handler_table @ 000074e4 records: 3, size/record: 4, table size: 12
	index: 0, handler: __TI_decompress_lzss
	index: 1, handler: __TI_decompress_none
	index: 2, handler: __TI_zero_init


GLOBAL SYMBOLS: SORTED ALPHABETICALLY BY Name 

address   name                                                              
-------   ----                                                              
20002878  ADCAvg                                                            
00005419  ADCHardwareOversampleConfigure                                    
000056b9  ADCIntClear                                                       
00004be1  ADCIntStatus                                                      
00005269  ADCProcessorTrigger                                               
00006f04  ADCSem                                                            
00004699  ADCSequenceConfigure                                              
00005041  ADCSequenceDataGet                                                
000055b9  ADCSequenceEnable                                                 
0000377d  ADCSequenceStepConfigure                                          
00003871  ADCfun                                                            
00006ef8  ADCtask                                                           
0000113d  C$$EXIT                                                           
000047f3  C$$IO$$                                                           
00004cc1  GPIODirModeSet                                                    
00001bf9  GPIOPadConfigSet                                                  
0000428d  GPIOPinConfigure                                                  
00003953  GPIOPinRead                                                       
0000542b  GPIOPinTypeADC                                                    
0000543d  GPIOPinTypeGPIOInput                                              
00005281  GPIOPinTypeGPIOOutput                                             
0000544f  GPIOPinTypePWM                                                    
00005461  GPIOPinTypeUART                                                   
00003b6b  GPIOPinWrite                                                      
00003e69  HOSTwrite                                                         
00006f14  HWI_TIMER2                                                        
00004109  InitConsole                                                       
00004ed1  PWMGenConfigure                                                   
00005621  PWMGenEnable                                                      
000054d5  PWMGenPeriodSet                                                   
00005473  PWMOutputState                                                    
0000505f  PWMPulseWidthSet                                                  
UNDEFED   SHT$$INIT_ARRAY$$Base                                             
UNDEFED   SHT$$INIT_ARRAY$$Limit                                            
00006f10  SRSem                                                             
00004595  SRfun                                                             
00006f00  SwitchRead                                                        
00001f5d  SysCtlClockGet                                                    
0000254d  SysCtlClockSet                                                    
00004a53  SysCtlDelay                                                       
000053a1  SysCtlPWMClockSet                                                 
000048e1  SysCtlPeripheralEnable                                            
00004755  SysCtlPeripheralPresent                                           
00003059  TIMER2INT                                                         
000045d5  TIMER_ISR                                                         
00003bd5  TimerConfigure                                                    
000055c7  TimerEnable                                                       
00000db5  TimerIntClear                                                     
000056e1  TimerIntEnable                                                    
00005485  TimerLoadSet                                                      
000056c3  UARTCharPut                                                       
00004ef3  UARTClockSourceSet                                                
00004551  UARTConfigSetExpClk                                               
0000509d  UARTDisable                                                       
000053b5  UARTEnable                                                        
00006f0c  UARTSem                                                           
00003f71  UARTStdioConfig                                                   
0000478d  UARTfun                                                           
00004d8d  UARTprintf                                                        
00006efc  UARTtask                                                          
000007bd  UARTvprintf                                                       
00004155  UARTwrite                                                         
00000000  __ASM__                                                           
200026c0  __CIOBUF_                                                         
00000069  __ISA__                                                           
0000007c  __PLAT__                                                          
200031e0  __STACK_END                                                       
00000400  __STACK_SIZE                                                      
0000009d  __TARG__                                                          
00007500  __TI_CINIT_Base                                                   
00007518  __TI_CINIT_Limit                                                  
000074e4  __TI_Handler_Table_Base                                           
000074f0  __TI_Handler_Table_Limit                                          
000030f9  __TI_auto_init                                                    
00003a9d  __TI_decompress_lzss                                              
000055d5  __TI_decompress_none                                              
ffffffff  __TI_pprof_out_hndl                                               
ffffffff  __TI_prof_data_size                                               
ffffffff  __TI_prof_data_start                                              
00004915  __TI_readmsg                                                      
000072c0  __TI_static_base__                                                
000047c5  __TI_writemsg                                                     
00005645  __TI_zero_init                                                    
000000c3  __TRDR__                                                          
0000340f  __aeabi_idiv0                                                     
0000340f  __aeabi_ldiv0                                                     
000037f7  __aeabi_memclr                                                    
000037f7  __aeabi_memclr4                                                   
000037f7  __aeabi_memclr8                                                   
00003239  __aeabi_memcpy                                                    
00003239  __aeabi_memcpy4                                                   
00003239  __aeabi_memcpy8                                                   
000037f9  __aeabi_memset                                                    
000037f9  __aeabi_memset4                                                   
000037f9  __aeabi_memset8                                                   
00004615  __aeabi_uidiv                                                     
00004615  __aeabi_uidivmod                                                  
ffffffff  __binit__                                                         
ffffffff  __c_args__                                                        
20002de0  __stack                                                           
00005299  _args_main                                                        
00003e11  _c_int00                                                          
20002d58  _lock                                                             
000032d5  _nop                                                              
0000562d  _register_lock                                                    
00005639  _register_unlock                                                  
20002d5c  _unlock                                                           
0000113d  abort                                                             
ffffffff  binit                                                             
20002886  buttonPressed                                                     
000041a1  copy_in                                                           
000012cd  ff_memalloc                                                       
000032d7  ff_memfree                                                        
000032d7  free                                                              
00000fad  hardware_init                                                     
20002884  i16ToggleCount                                                    
000052b1  main                                                              
20002dc0  main_func_sp                                                      
000012cd  malloc                                                            
000032d7  mem_Free                                                          
00003239  memcpy                                                            
000037ff  memset                                                            
00005559  osi_TaskDisable                                                   
000054f9  osi_start                                                         
20002870  parmbuf                                                           
000053c9  strlen                                                            
00007088  ti_catalog_arm_cortexm4_tiva_ce_Boot_A_mustUseEnhancedClockMode__C
0000708c  ti_catalog_arm_cortexm4_tiva_ce_Boot_Module__diagsEnabled__C      
00007090  ti_catalog_arm_cortexm4_tiva_ce_Boot_Module__diagsIncluded__C     
00007094  ti_catalog_arm_cortexm4_tiva_ce_Boot_Module__diagsMask__C         
00007290  ti_catalog_arm_cortexm4_tiva_ce_Boot_Module__id__C                
00005615  ti_catalog_arm_cortexm4_tiva_ce_Boot_init__I                      
00002069  ti_catalog_arm_cortexm4_tiva_ce_Boot_sysCtlClockSetI__I           
00003411  ti_catalog_arm_cortexm4_tiva_ce_Boot_sysCtlClockSet__E            
000054ab  ti_catalog_arm_cortexm4_tiva_ce_Boot_sysCtlDelayI__I              
20002cc0  ti_sysbios_BIOS_Module__state__V                                  
000051cd  ti_sysbios_BIOS_RtsGateProxy_Handle__label__S                     
00004e65  ti_sysbios_BIOS_RtsGateProxy_Object__delete__S                    
00001445  ti_sysbios_BIOS_RtsGateProxy_enter__E                             
000015ad  ti_sysbios_BIOS_RtsGateProxy_leave__E                             
00005721  ti_sysbios_BIOS_RtsGateProxy_query__E                             
00004a8d  ti_sysbios_BIOS_atExitFunc__I                                     
00004db1  ti_sysbios_BIOS_errorRaiseHook__I                                 
00005389  ti_sysbios_BIOS_exitFunc__I                                       
0000353d  ti_sysbios_BIOS_nullFunc__I                                       
00004dd5  ti_sysbios_BIOS_registerRTSLock__I                                
00004df9  ti_sysbios_BIOS_removeRTSLock__I                                  
00004f3d  ti_sysbios_BIOS_rtsLock__I                                        
000052c9  ti_sysbios_BIOS_rtsUnlock__I                                      
000054e9  ti_sysbios_BIOS_setThreadType__E                                  
00004e1d  ti_sysbios_BIOS_startFunc__I                                      
000054f9  ti_sysbios_BIOS_start__E                                          
20002c34  ti_sysbios_family_arm_lm4_Timer_Module_State_0_device__A          
20002d1c  ti_sysbios_family_arm_lm4_Timer_Module_State_0_handles__A         
000052e1  ti_sysbios_family_arm_lm4_Timer_Module__startupDone__F            
000052e1  ti_sysbios_family_arm_lm4_Timer_Module__startupDone__S            
20002d34  ti_sysbios_family_arm_lm4_Timer_Module__state__V                  
00003b71  ti_sysbios_family_arm_lm4_Timer_Module_startup__E                 
200029b8  ti_sysbios_family_arm_lm4_Timer_Object__table__V                  
00007098  ti_sysbios_family_arm_lm4_Timer_enableFunc__C                     
00002db9  ti_sysbios_family_arm_lm4_Timer_enableTimers__I                   
00002c59  ti_sysbios_family_arm_lm4_Timer_enableTiva__I                     
00005651  ti_sysbios_family_arm_lm4_Timer_getMaxTicks__E                    
00003c39  ti_sysbios_family_arm_lm4_Timer_isrStub__E                        
[...]
00005719  xdc_runtime_System_Module_GateProxy_query__E                      
00005721  ti_sysbios_BIOS_RtsGateProxy_query__E                             
00005721  ti_sysbios_gates_GateMutex_query__E                               
00005729  ti_sysbios_knl_Task_startup__E                                    
00005731  ti_sysbios_gates_GateHwi_Instance_init__E                         
00005734  xdc_runtime_Text_charTab__A                                       
00006c3f  xdc_runtime_Error_policy__C                                       
00006c40  xdc_runtime_Text_nodeTab__A                                       
00006e40  xdc_runtime_HeapStd_Module__FXNS__C                               
00006e68  ti_sysbios_gates_GateHwi_Module__FXNS__C                          
00006e8c  ti_sysbios_gates_GateMutex_Module__FXNS__C                        
00006eb0  ti_sysbios_knl_Semaphore_Object__PARAMS__C                        
00006ed4  xdc_runtime_Startup_sfxnTab__A                                    
00006ef8  ADCtask                                                           
00006efc  UARTtask                                                          
00006f00  SwitchRead                                                        
00006f04  ADCSem                                                            
00006f08  timer0                                                            
00006f0c  UARTSem                                                           
00006f10  SRSem                                                             
00006f14  HWI_TIMER2                                                        
00006f18  ti_sysbios_gates_GateHwi_Object__DESC__C                          
00006f38  ti_sysbios_gates_GateMutex_Object__DESC__C                        
00006f58  ti_sysbios_knl_Queue_Object__DESC__C                              
00006f78  ti_sysbios_knl_Semaphore_Object__DESC__C                          
00006f98  xdc_runtime_HeapStd_Object__DESC__C                               
00006fb8  xdc_runtime_HeapStd_Object__PARAMS__C                             
00006fd4  ti_sysbios_gates_GateHwi_Object__PARAMS__C                        
00006fec  ti_sysbios_gates_GateMutex_Object__PARAMS__C                      
00007004  ti_sysbios_knl_Queue_Object__PARAMS__C                            
0000702e  xdc_runtime_Startup_sfxnRts__A                                    
00007040  xdc_runtime_Startup_firstFxns__A                                  
00007068  ti_sysbios_family_arm_m3_Hwi_excHookFuncs__A                      
00007070  ti_sysbios_knl_Idle_funcList__C                                   
00007078  xdc_runtime_Startup_firstFxns__C                                  
00007080  xdc_runtime_Startup_lastFxns__C                                   
00007088  ti_catalog_arm_cortexm4_tiva_ce_Boot_A_mustUseEnhancedClockMode__C
0000708c  ti_catalog_arm_cortexm4_tiva_ce_Boot_Module__diagsEnabled__C      
00007090  ti_catalog_arm_cortexm4_tiva_ce_Boot_Module__diagsIncluded__C     
00007094  ti_catalog_arm_cortexm4_tiva_ce_Boot_Module__diagsMask__C         
00007098  ti_sysbios_family_arm_lm4_Timer_enableFunc__C                     
0000709c  ti_sysbios_family_arm_lm4_Timer_numTimerDevices__C                
000070a0  ti_sysbios_family_arm_lm4_Timer_startupNeeded__C                  
000070a4  ti_sysbios_family_arm_m3_Hwi_E_NMI__C                             
000070a8  ti_sysbios_family_arm_m3_Hwi_E_busFault__C                        
000070ac  ti_sysbios_family_arm_m3_Hwi_E_debugMon__C                        
000070b0  ti_sysbios_family_arm_m3_Hwi_E_hardFault__C                       
000070b4  ti_sysbios_family_arm_m3_Hwi_E_memFault__C                        
000070b8  ti_sysbios_family_arm_m3_Hwi_E_noIsr__C                           
000070bc  ti_sysbios_family_arm_m3_Hwi_E_reserved__C                        
000070c0  ti_sysbios_family_arm_m3_Hwi_E_svCall__C                          
000070c4  ti_sysbios_family_arm_m3_Hwi_E_usageFault__C                      
000070c8  ti_sysbios_family_arm_m3_Hwi_LD_end__C                            
000070cc  ti_sysbios_family_arm_m3_Hwi_LM_begin__C                          
000070d0  ti_sysbios_family_arm_m3_Hwi_Module__diagsEnabled__C              
000070d4  ti_sysbios_family_arm_m3_Hwi_Module__diagsIncluded__C             
000070d8  ti_sysbios_family_arm_m3_Hwi_Module__diagsMask__C                 
000070dc  ti_sysbios_family_arm_m3_Hwi_Module__loggerFxn1__C                
000070e0  ti_sysbios_family_arm_m3_Hwi_Module__loggerFxn8__C                
000070e4  ti_sysbios_family_arm_m3_Hwi_Module__loggerObj__C                 
000070e8  ti_sysbios_family_arm_m3_Hwi_NUM_INTERRUPTS__C                    
000070ec  ti_sysbios_family_arm_m3_Hwi_Object__count__C                     
000070f0  ti_sysbios_family_arm_m3_Hwi_ccr__C                               
000070f4  ti_sysbios_family_arm_m3_Hwi_excHandlerFunc__C                    
000070f8  ti_sysbios_family_arm_m3_Hwi_excHookFuncs__C                      
000070fc  ti_sysbios_family_arm_m3_Hwi_nullIsrFunc__C                       
00007100  ti_sysbios_family_arm_m3_Hwi_priGroup__C                          
00007104  ti_sysbios_gates_GateMutex_A_badContext__C                        
00007108  ti_sysbios_gates_GateMutex_Instance_State_sem__O                  
0000710c  ti_sysbios_gates_GateMutex_Module__diagsEnabled__C                
00007110  ti_sysbios_gates_GateMutex_Module__diagsIncluded__C               
00007114  ti_sysbios_gates_GateMutex_Module__diagsMask__C                   
00007118  ti_sysbios_hal_Hwi_E_stackOverflow__C                             
0000711c  ti_sysbios_knl_Clock_LM_begin__C                                  
00007120  ti_sysbios_knl_Clock_LM_tick__C                                   
00007124  ti_sysbios_knl_Clock_LW_delayed__C                                
00007128  ti_sysbios_knl_Clock_Module_State_clockQ__O                       
0000712c  ti_sysbios_knl_Clock_Module__diagsEnabled__C                      
00007130  ti_sysbios_knl_Clock_Module__diagsIncluded__C                     
00007134  ti_sysbios_knl_Clock_Module__diagsMask__C                         
00007138  ti_sysbios_knl_Clock_Module__loggerFxn1__C                        
0000713c  ti_sysbios_knl_Clock_Module__loggerFxn2__C                        
00007140  ti_sysbios_knl_Clock_Module__loggerObj__C                         
00007144  ti_sysbios_knl_Idle_funcList__A                                   
00007148  ti_sysbios_knl_Semaphore_A_badContext__C                          
0000714c  ti_sysbios_knl_Semaphore_A_noEvents__C                            
00007150  ti_sysbios_knl_Semaphore_A_overflow__C                            
00007154  ti_sysbios_knl_Semaphore_A_pendTaskDisabled__C                    
00007158  ti_sysbios_knl_Semaphore_Instance_State_pendQ__O                  
0000715c  ti_sysbios_knl_Semaphore_LM_pend__C                               
00007160  ti_sysbios_knl_Semaphore_LM_post__C                               
00007164  ti_sysbios_knl_Semaphore_Module__diagsEnabled__C                  
00007168  ti_sysbios_knl_Semaphore_Module__diagsIncluded__C                 
0000716c  ti_sysbios_knl_Semaphore_Module__diagsMask__C                     
00007170  ti_sysbios_knl_Semaphore_Module__loggerFxn2__C                    
00007174  ti_sysbios_knl_Semaphore_Module__loggerFxn4__C                    
00007178  ti_sysbios_knl_Semaphore_Module__loggerObj__C                     
0000717c  ti_sysbios_knl_Swi_LD_end__C                                      
00007180  ti_sysbios_knl_Swi_LM_begin__C                                    
00007184  ti_sysbios_knl_Swi_LM_post__C                                     
00007188  ti_sysbios_knl_Swi_Module__diagsEnabled__C                        
0000718c  ti_sysbios_knl_Swi_Module__diagsIncluded__C                       
00007190  ti_sysbios_knl_Swi_Module__diagsMask__C                           
00007194  ti_sysbios_knl_Swi_Module__loggerFxn1__C                          
00007198  ti_sysbios_knl_Swi_Module__loggerFxn4__C                          
0000719c  ti_sysbios_knl_Swi_Module__loggerObj__C                           
000071a0  ti_sysbios_knl_Swi_Object__count__C                               
000071a4  ti_sysbios_knl_Task_E_spOutOfBounds__C                            
000071a8  ti_sysbios_knl_Task_E_stackOverflow__C                            
000071ac  ti_sysbios_knl_Task_LD_block__C                                   
000071b0  ti_sysbios_knl_Task_LD_exit__C                                    
000071b4  ti_sysbios_knl_Task_LD_ready__C                                   
000071b8  ti_sysbios_knl_Task_LM_switch__C                                  
000071bc  ti_sysbios_knl_Task_Module_State_inactiveQ__O                     
000071c0  ti_sysbios_knl_Task_Module__diagsEnabled__C                       
000071c4  ti_sysbios_knl_Task_Module__diagsIncluded__C                      
000071c8  ti_sysbios_knl_Task_Module__diagsMask__C                          
000071cc  ti_sysbios_knl_Task_Module__loggerFxn2__C                         
000071d0  ti_sysbios_knl_Task_Module__loggerFxn4__C                         
000071d4  ti_sysbios_knl_Task_Module__loggerObj__C                          
000071d8  ti_sysbios_knl_Task_Object__count__C                              
000071dc  ti_sysbios_knl_Task_allBlockedFunc__C                             
000071e0  ti_sysbios_knl_Task_numConstructedTasks__C                        
000071e8  xdc_runtime_Assert_E_assertFailed__C                              
000071ec  xdc_runtime_Core_A_initializedParams__C                           
000071f0  xdc_runtime_Core_Module__diagsEnabled__C                          
000071f4  xdc_runtime_Core_Module__diagsIncluded__C                         
000071f8  xdc_runtime_Core_Module__diagsMask__C                             
000071fc  xdc_runtime_Error_E_memory__C                                     
00007200  xdc_runtime_Error_Module__diagsEnabled__C                         
00007204  xdc_runtime_Error_Module__diagsIncluded__C                        
00007208  xdc_runtime_Error_Module__diagsMask__C                            
0000720c  xdc_runtime_Error_Module__loggerFxn8__C                           
00007210  xdc_runtime_Error_Module__loggerObj__C                            
00007214  xdc_runtime_Error_policyFxn__C                                    
00007218  xdc_runtime_Error_raiseHook__C                                    
0000721c  xdc_runtime_HeapStd_A_align__C                                    
00007220  xdc_runtime_HeapStd_A_invalidTotalFreeSize__C                     
00007224  xdc_runtime_HeapStd_A_zeroSize__C                                 
00007228  xdc_runtime_HeapStd_E_noRTSMemory__C                              
0000722c  xdc_runtime_HeapStd_Module__diagsEnabled__C                       
00007230  xdc_runtime_HeapStd_Module__diagsIncluded__C                      
00007234  xdc_runtime_HeapStd_Module__diagsMask__C                          
00007238  xdc_runtime_IGateProvider_Interface__BASE__C                      
0000723c  xdc_runtime_IHeap_Interface__BASE__C                              
00007240  xdc_runtime_IModule_Interface__BASE__C                            
00007244  xdc_runtime_Log_L_error__C                                        
00007248  xdc_runtime_Memory_defaultHeapInstance__C                         
0000724c  xdc_runtime_Startup_execImpl__C                                   
00007250  xdc_runtime_Startup_maxPasses__C                                  
00007254  xdc_runtime_Startup_sfxnRts__C                                    
00007258  xdc_runtime_Startup_sfxnTab__C                                    
0000725c  xdc_runtime_SysMin_bufSize__C                                     
00007260  xdc_runtime_SysMin_outputFunc__C                                  
00007264  xdc_runtime_System_Module__gateObj__C                             
00007268  xdc_runtime_System_abortFxn__C                                    
0000726c  xdc_runtime_System_exitFxn__C                                     
00007270  xdc_runtime_System_extendFxn__C                                   
00007274  xdc_runtime_System_maxAtexitHandlers__C                           
00007278  xdc_runtime_Text_charTab__C                                       
0000727c  xdc_runtime_Text_nameEmpty__C                                     
00007280  xdc_runtime_Text_nameStatic__C                                    
00007284  xdc_runtime_Text_nameUnknown__C                                   
00007288  xdc_runtime_Text_nodeTab__C                                       
0000728c  xdc_runtime_Text_visitRopeFxn__C                                  
00007290  ti_catalog_arm_cortexm4_tiva_ce_Boot_Module__id__C                
00007292  ti_sysbios_family_arm_m3_Hwi_Module__id__C                        
00007294  ti_sysbios_family_arm_m3_Hwi_Module__loggerDefined__C             
00007296  ti_sysbios_gates_GateMutex_Module__id__C                          
00007298  ti_sysbios_hal_Hwi_Module__id__C                                  
0000729a  ti_sysbios_knl_Clock_Module__id__C                                
0000729c  ti_sysbios_knl_Clock_Module__loggerDefined__C                     
0000729e  ti_sysbios_knl_Semaphore_Module__id__C                            
000072a0  ti_sysbios_knl_Semaphore_Module__loggerDefined__C                 
000072a2  ti_sysbios_knl_Swi_Module__id__C                                  
000072a4  ti_sysbios_knl_Swi_Module__loggerDefined__C                       
000072a6  ti_sysbios_knl_Task_Module__id__C                                 
000072a8  ti_sysbios_knl_Task_Module__loggerDefined__C                      
000072aa  xdc_runtime_Core_Module__id__C                                    
000072ac  xdc_runtime_Error_Module__loggerDefined__C                        
000072ae  xdc_runtime_Error_maxDepth__C                                     
000072b0  xdc_runtime_HeapStd_Module__id__C                                 
000072b2  xdc_runtime_Memory_Module__id__C                                  
000072b4  xdc_runtime_SysMin_flushAtExit__C                                 
000072b6  xdc_runtime_Text_charCnt__C                                       
000072b8  xdc_runtime_Text_isLoaded__C                                      
000072ba  xdc_runtime_Text_registryModsLastId__C                            
000072bc  xdc_runtime_Text_unnamedModsLastId__C                             
000072c0  __TI_static_base__                                                
000074e4  __TI_Handler_Table_Base                                           
000074f0  __TI_Handler_Table_Limit                                          
00007500  __TI_CINIT_Base                                                   
00007518  __TI_CINIT_Limit                                                  
20000000  ti_sysbios_family_arm_m3_Hwi_ramVectors                           
20000360  ti_sysbios_knl_Task_Instance_State_0_stack__A                     
20000b60  ti_sysbios_knl_Task_Instance_State_1_stack__A                     
20001360  ti_sysbios_knl_Task_Instance_State_2_stack__A                     
20001b60  ti_sysbios_knl_Task_Instance_State_3_stack__A                     
20002360  ti_sysbios_family_arm_m3_Hwi_dispatchTable                        
200026c0  __CIOBUF_                                                         
200027e0  xdc_runtime_SysMin_Module_State_0_outbuf__A                       
20002860  ui32ADC0Value                                                     
20002870  parmbuf                                                           
20002878  ADCAvg                                                            
2000287c  ui32Load                                                          
20002880  ui32PWMClock                                                      
20002884  i16ToggleCount                                                    
20002886  buttonPressed                                                     
20002888  ti_sysbios_knl_Task_Object__table__V                              
200029b8  ti_sysbios_family_arm_lm4_Timer_Object__table__V                  
20002a38  ti_sysbios_knl_Swi_Module_State_0_readyQ__A                       
20002ab8  ti_sysbios_knl_Task_Module_State_0_readyQ__A                      
20002b38  ti_sysbios_family_arm_m3_Hwi_Object__table__V                     
20002b80  ti_sysbios_knl_Task_Module__state__V                              
20002bc4  ti_sysbios_knl_Semaphore_Object__table__V                         
20002c00  ti_sysbios_family_arm_m3_Hwi_Module__state__V                     
20002c34  ti_sysbios_family_arm_lm4_Timer_Module_State_0_device__A          
20002c64  ti_sysbios_knl_Swi_Object__table__V                               
20002c94  ti_sysbios_knl_Clock_Module__state__V                             
20002cc0  ti_sysbios_BIOS_Module__state__V                                  
20002ce4  ti_sysbios_gates_GateMutex_Object__table__V                       
20002d00  ti_sysbios_knl_Swi_Module__state__V                               
20002d1c  ti_sysbios_family_arm_lm4_Timer_Module_State_0_handles__A         
20002d34  ti_sysbios_family_arm_lm4_Timer_Module__state__V                  
20002d40  xdc_runtime_HeapStd_Object__table__V                              
20002d4c  xdc_runtime_SysMin_Module__state__V                               
20002d58  _lock                                                             
20002d5c  _unlock                                                           
20002d60  ti_sysbios_gates_GateHwi_Module__root__V                          
20002d68  ti_sysbios_gates_GateMutex_Module__root__V                        
20002d70  ti_sysbios_hal_Hwi_Object__table__V                               
20002d78  ti_sysbios_hal_Timer_Object__table__V                             
20002d80  ti_sysbios_knl_Queue_Module__root__V                              
20002d88  ti_sysbios_knl_Semaphore_Module__root__V                          
20002d90  xdc_runtime_HeapStd_Module__root__V                               
20002d98  xdc_runtime_Registry_Module__state__V                             
20002da0  xdc_runtime_Startup_Module__state__V                              
20002da8  xdc_runtime_System_Module_State_0_atexitHandlers__A               
20002db0  xdc_runtime_System_Module__state__V                               
20002dbe  ti_sysbios_family_arm_m3_Hwi_Module_State_0_excActive__A          
20002dc0  main_func_sp                                                      
20002dc4  ti_sysbios_family_arm_m3_Hwi_Module_State_0_excContext__A         
20002dc8  ti_sysbios_family_arm_m3_Hwi_Module_State_0_excStack__A           
20002dcc  ti_sysbios_gates_GateHwi_Object__table__V                         
20002dd0  ti_sysbios_knl_Task_Module_State_0_idleTask__A                    
20002dd4  xdc_runtime_HeapStd_Module__state__V                              
20002dd8  xdc_runtime_Memory_Module__state__V                               
20002ddc  xdc_runtime_Error_Module__state__V                                
20002de0  __stack                                                           
200031e0  __STACK_END                                                       
e000e000  ti_sysbios_family_arm_m3_Hwi_nvic                                 
ffffffff  __TI_pprof_out_hndl                                               
ffffffff  __TI_prof_data_size                                               
ffffffff  __TI_prof_data_start                                              
ffffffff  __binit__                                                         
ffffffff  __c_args__                                                        
ffffffff  binit                                                             
UNDEFED   SHT$$INIT_ARRAY$$Base                                             
UNDEFED   SHT$$INIT_ARRAY$$Limit                                            

[599 symbols]
