******************************************************************************
                  TI ARM Linker PC v18.12.2                    
******************************************************************************
>> Linked Wed Oct 23 22:37:45 2019

OUTPUT FILE NAME:   <lab9.out>
ENTRY POINT SYMBOL: "_c_int00_noargs"  address: 000009d1


MEMORY CONFIGURATION

         name            origin    length      used     unused   attr    fill
----------------------  --------  ---------  --------  --------  ----  --------
  FLASH                 00000000   00040000  00000a62  0003f59e  R  X
  SRAM                  20000000   00008000  0000100c  00006ff4  RW X


SEGMENT ALLOCATION MAP

run origin  load origin   length   init length attrs members
----------  ----------- ---------- ----------- ----- -------
00000000    00000000    00000a68   00000a68    r-x
  00000000    00000000    0000026c   0000026c    r-- .intvecs
  0000026c    0000026c    000007c6   000007c6    r-x .text
  00000a38    00000a38    00000030   00000030    r-- .cinit
20000000    20000000    0000100c   00000000    rw-
  20000000    20000000    00000fa0   00000000    rw- .bss
  20000fa0    20000fa0    00000068   00000000    rw- .stack
  20001008    20001008    00000004   00000000    rw- .data


SECTION ALLOCATION MAP

 output                                  attributes/
section   page    origin      length       input sections
--------  ----  ----------  ----------   ----------------
.intvecs   0    00000000    0000026c     
                  00000000    0000026c     tm4c123gh6pm_startup_ccs.obj (.intvecs)

.text      0    0000026c    000007c6     
                  0000026c    000001b6     rtsv7M4_T_le_v4SPD16_eabi.lib : fd_add_t2.asm.obj (.text)
                  00000422    000000fc                                   : fd_mul_t2.asm.obj (.text)
                  0000051e    00000002     --HOLE-- [fill = 0]
                  00000520    000000f0     task2.obj (.text)
                  00000610    000000b4     rtsv7M4_T_le_v4SPD16_eabi.lib : s_cosf.c.obj (.text:cosf)
                  000006c4    000000a4                                   : s_sinf.c.obj (.text:sinf)
                  00000768    0000009c                                   : memcpy_t2.asm.obj (.text)
                  00000804    0000007a                                   : memset_t2.asm.obj (.text)
                  0000087e    0000006e                                   : fd_tos_t2.asm.obj (.text)
                  000008ec    00000068                                   : copy_decompress_lzss.c.obj (.text:decompress:lzss:__TI_decompress_lzss)
                  00000954    00000044                                   : autoinit.c.obj (.text:__TI_auto_init_nobinit_nopinit:__TI_auto_init_nobinit_nopinit)
                  00000998    00000038                                   : fs_tod_t2.asm.obj (.text)
                  000009d0    00000034                                   : boot_cortex_m.c.obj (.text:_c_int00_noargs:_c_int00_noargs)
                  00000a04    0000000e                                   : copy_decompress_none.c.obj (.text:decompress:none:__TI_decompress_none)
                  00000a12    0000000c                                   : copy_zero_init.c.obj (.text:decompress:ZI:__TI_zero_init)
                  00000a1e    0000000c     tm4c123gh6pm_startup_ccs.obj (.text)
                  00000a2a    00000004     rtsv7M4_T_le_v4SPD16_eabi.lib : pre_init.c.obj (.text:_system_pre_init)
                  00000a2e    00000004                                   : exit.c.obj (.text:abort:abort)

.cinit     0    00000a38    00000030     
                  00000a38    0000000c     (__TI_handler_table)
                  00000a44    00000004     --HOLE-- [fill = 0]
                  00000a48    00000008     (.cinit..bss.load) [load image, compression = zero_init]
                  00000a50    00000007     (.cinit..data.load) [load image, compression = lzss]
                  00000a57    00000001     --HOLE-- [fill = 0]
                  00000a58    00000010     (__TI_cinit_table)

.init_array 
*          0    00000000    00000000     UNINITIALIZED

.bss       0    20000000    00000fa0     UNINITIALIZED
                  20000000    00000fa0     (.common:gSeriesData)

.data      0    20001008    00000004     UNINITIALIZED
                  20001008    00000004     task2.obj (.data)

.stack     0    20000fa0    00000068     UNINITIALIZED
                  20000fa0    00000004     rtsv7M4_T_le_v4SPD16_eabi.lib : boot_cortex_m.c.obj (.stack)
                  20000fa4    00000064     --HOLE--

MODULE SUMMARY

       Module                         code   ro data   rw data
       ------                         ----   -------   -------
    .\
       task2.obj                      240    0         4004   
       tm4c123gh6pm_startup_ccs.obj   12     620       0      
    +--+------------------------------+------+---------+---------+
       Total:                         252    620       4004   
                                                              
    C:\ti\ccs910\ccs\tools\compiler\ti-cgt-arm_18.12.2.LTS\lib\rtsv7M4_T_le_v4SPD16_eabi.lib
       fd_add_t2.asm.obj              438    0         0      
       fd_mul_t2.asm.obj              252    0         0      
       s_cosf.c.obj                   180    0         0      
       s_sinf.c.obj                   164    0         0      
       memcpy_t2.asm.obj              156    0         0      
       memset_t2.asm.obj              122    0         0      
       fd_tos_t2.asm.obj              110    0         0      
       copy_decompress_lzss.c.obj     104    0         0      
       autoinit.c.obj                 68     0         0      
       fs_tod_t2.asm.obj              56     0         0      
       boot_cortex_m.c.obj            52     0         0      
       copy_decompress_none.c.obj     14     0         0      
       copy_zero_init.c.obj           12     0         0      
       exit.c.obj                     4      0         0      
       pre_init.c.obj                 4      0         0      
    +--+------------------------------+------+---------+---------+
       Total:                         1736   0         0      
                                                              
       Stack:                         0      0         104    
       Linker Generated:              0      43        0      
    +--+------------------------------+------+---------+---------+
       Grand Total:                   1988   663       4108   


LINKER GENERATED COPY TABLES

__TI_cinit_table @ 00000a58 records: 2, size/record: 8, table size: 16
	.bss: load addr=00000a48, load size=00000008 bytes, run addr=20000000, run size=00000fa0 bytes, compression=zero_init
	.data: load addr=00000a50, load size=00000007 bytes, run addr=20001008, run size=00000004 bytes, compression=lzss


LINKER GENERATED HANDLER TABLE

__TI_handler_table @ 00000a38 records: 3, size/record: 4, table size: 12
	index: 0, handler: __TI_decompress_lzss
	index: 1, handler: __TI_decompress_none
	index: 2, handler: __TI_zero_init


GLOBAL SYMBOLS: SORTED ALPHABETICALLY BY Name 

address   name                          
-------   ----                          
00000a2f  C$$EXIT                       
00000a1f  ResetISR                      
20001008  __STACK_END                   
00000068  __STACK_SIZE                  
200011a0  __STACK_TOP                   
00000a58  __TI_CINIT_Base               
00000a68  __TI_CINIT_Limit              
00000a38  __TI_Handler_Table_Base       
00000a44  __TI_Handler_Table_Limit      
00000955  __TI_auto_init_nobinit_nopinit
000008ed  __TI_decompress_lzss          
00000a05  __TI_decompress_none          
ffffffff  __TI_pprof_out_hndl           
ffffffff  __TI_prof_data_size           
ffffffff  __TI_prof_data_start          
00000000  __TI_static_base__            
00000a13  __TI_zero_init                
0000087f  __aeabi_d2f                   
00000277  __aeabi_dadd                  
00000423  __aeabi_dmul                  
0000026d  __aeabi_dsub                  
00000999  __aeabi_f2d                   
00000805  __aeabi_memclr                
00000805  __aeabi_memclr4               
00000805  __aeabi_memclr8               
00000769  __aeabi_memcpy                
00000769  __aeabi_memcpy4               
00000769  __aeabi_memcpy8               
00000807  __aeabi_memset                
00000807  __aeabi_memset4               
00000807  __aeabi_memset8               
ffffffff  __binit__                     
ffffffff  __c_args__                    
UNDEFED   __mpu_init                    
20000fa0  __stack                       
000009d1  _c_int00_noargs               
UNDEFED   _system_post_cinit            
00000a2b  _system_pre_init              
00000a2f  abort                         
ffffffff  binit                         
00000611  cosf                          
20000000  gSeriesData                   
00000000  g_pfnVectors                  
20001008  i32DataCount                  
00000521  main                          
00000769  memcpy                        
0000080d  memset                        
000006c5  sinf                          


GLOBAL SYMBOLS: SORTED BY Symbol Address 

address   name                          
-------   ----                          
00000000  __TI_static_base__            
00000000  g_pfnVectors                  
00000068  __STACK_SIZE                  
0000026d  __aeabi_dsub                  
00000277  __aeabi_dadd                  
00000423  __aeabi_dmul                  
00000521  main                          
00000611  cosf                          
000006c5  sinf                          
00000769  __aeabi_memcpy                
00000769  __aeabi_memcpy4               
00000769  __aeabi_memcpy8               
00000769  memcpy                        
00000805  __aeabi_memclr                
00000805  __aeabi_memclr4               
00000805  __aeabi_memclr8               
00000807  __aeabi_memset                
00000807  __aeabi_memset4               
00000807  __aeabi_memset8               
0000080d  memset                        
0000087f  __aeabi_d2f                   
000008ed  __TI_decompress_lzss          
00000955  __TI_auto_init_nobinit_nopinit
00000999  __aeabi_f2d                   
000009d1  _c_int00_noargs               
00000a05  __TI_decompress_none          
00000a13  __TI_zero_init                
00000a1f  ResetISR                      
00000a2b  _system_pre_init              
00000a2f  C$$EXIT                       
00000a2f  abort                         
00000a38  __TI_Handler_Table_Base       
00000a44  __TI_Handler_Table_Limit      
00000a58  __TI_CINIT_Base               
00000a68  __TI_CINIT_Limit              
20000000  gSeriesData                   
20000fa0  __stack                       
20001008  __STACK_END                   
20001008  i32DataCount                  
200011a0  __STACK_TOP                   
ffffffff  __TI_pprof_out_hndl           
ffffffff  __TI_prof_data_size           
ffffffff  __TI_prof_data_start          
ffffffff  __binit__                     
ffffffff  __c_args__                    
ffffffff  binit                         
UNDEFED   __mpu_init                    
UNDEFED   _system_post_cinit            

[48 symbols]
