******************************************************************************
                  TI ARM Linker PC v18.12.2                    
******************************************************************************
>> Linked Thu Oct 31 16:11:41 2019

OUTPUT FILE NAME:   <Midterm1.out>
ENTRY POINT SYMBOL: "_c_int00_noargs"  address: 00004561


MEMORY CONFIGURATION

         name            origin    length      used     unused   attr    fill
----------------------  --------  ---------  --------  --------  ----  --------
  FLASH                 00000000   00040000  000049bc  0003b644  R  X
  SRAM                  20000000   00008000  00000331  00007ccf  RW X


SEGMENT ALLOCATION MAP

run origin  load origin   length   init length attrs members
----------  ----------- ---------- ----------- ----- -------
00000000    00000000    000049c0   000049c0    r-x
  00000000    00000000    0000026c   0000026c    r-- .intvecs
  0000026c    0000026c    000044cc   000044cc    r-x .text
  00004738    00004738    00000254   00000254    r-- .const
  00004990    00004990    00000030   00000030    r-- .cinit
20000000    20000000    00000334   00000000    rw-
  20000000    20000000    00000200   00000000    rw- .stack
  20000200    20000200    00000125   00000000    rw- .bss
  20000328    20000328    0000000c   00000000    rw- .data


SECTION ALLOCATION MAP

 output                                  attributes/
section   page    origin      length       input sections
--------  ----  ----------  ----------   ----------------
.intvecs   0    00000000    0000026c     
                  00000000    0000026c     tm4c123gh6pm_startup_ccs.obj (.intvecs)

.text      0    0000026c    000044cc     
                  0000026c    000012c4     task3_4.obj (.text)
                  00001530    00000c00     IQmathLib.lib : IQtables.obj (.text:atan2PU_table)
                  00002130    00000800                   : IQtables.obj (.text:div_table)
                  00002930    0000049c     uartstdio.obj (.text)
                  00002dcc    000002ec     rtsv7M4_T_le_v4SPD16_eabi.lib : s_atan.c.obj (.text:atan)
                  000030b8    000001d8                                   : e_atan2.c.obj (.text:atan2)
                  00003290    000001b6                                   : fd_add_t2.asm.obj (.text)
                  00003446    00000002                                   : div0.asm.obj (.text)
                  00003448    00000158                                   : e_sqrt.c.obj (.text:sqrt)
                  000035a0    00000136                                   : fd_div_t2.asm.obj (.text)
                  000036d6    00000132     driverlib.lib : gpio.obj (.text:GPIOPadConfigSet)
                  00003808    00000110                   : sysctl.obj (.text:SysCtlClockGet)
                  00003918    000000fc     rtsv7M4_T_le_v4SPD16_eabi.lib : fd_mul_t2.asm.obj (.text)
                  00003a14    000000f4     driverlib.lib : sysctl.obj (.text:SysCtlClockSet)
                  00003b08    000000f0     sensorlib.lib : mpu6050.obj (.text:MPU6050Callback)
                  00003bf8    000000d4     IQmathLib.lib : IQNatan2.obj (.text:_IQ16atan2)
                  00003ccc    0000009c     rtsv7M4_T_le_v4SPD16_eabi.lib : memcpy_t2.asm.obj (.text)
                  00003d68    00000090     IQmathLib.lib : IQNdiv.obj (.text:_IQ16div)
                  00003df8    00000086     rtsv7M4_T_le_v4SPD16_eabi.lib : fd_cmp_t2.asm.obj (.text:__aeabi_cdrcmple)
                  00003e7e    00000002     --HOLE-- [fill = 0]
                  00003e80    00000070     sensorlib.lib : mpu6050.obj (.text:MPU6050DataAccelGetFloat)
                  00003ef0    00000070                   : mpu6050.obj (.text:MPU6050DataGyroGetFloat)
                  00003f60    0000006e     rtsv7M4_T_le_v4SPD16_eabi.lib : fd_tos_t2.asm.obj (.text)
                  00003fce    00000002     --HOLE-- [fill = 0]
                  00003fd0    00000068     driverlib.lib : interrupt.obj (.text:IntDisable)
                  00004038    00000068                   : interrupt.obj (.text:IntEnable)
                  000040a0    00000068     rtsv7M4_T_le_v4SPD16_eabi.lib : copy_decompress_lzss.c.obj (.text:decompress:lzss:__TI_decompress_lzss)
                  00004108    00000064     driverlib.lib : interrupt.obj (.text:IntIsEnabled)
                  0000416c    0000005c     sensorlib.lib : mpu6050.obj (.text:MPU6050Init)
                  000041c8    00000054                   : mpu6050.obj (.text:MPU6050DataRead)
                  0000421c    00000050     driverlib.lib : sysctl.obj (.text:SysCtlPeripheralReset)
                  0000426c    0000004c                   : i2c.obj (.text:I2CMasterInitExpClk)
                  000042b8    0000004c     sensorlib.lib : mpu6050.obj (.text:MPU6050ReadModifyWrite)
                  00004304    00000048     driverlib.lib : gpio.obj (.text:GPIOPinConfigure)
                  0000434c    00000046                   : uart.obj (.text:UARTConfigSetExpClk)
                  00004392    00000002     --HOLE-- [fill = 0]
                  00004394    00000044     rtsv7M4_T_le_v4SPD16_eabi.lib : autoinit.c.obj (.text:__TI_auto_init_nobinit_nopinit:__TI_auto_init_nobinit_nopinit)
                  000043d8    00000040                                   : u_divt2.asm.obj (.text)
                  00004418    00000038     driverlib.lib : sysctl.obj (.text:SysCtlPeripheralPresent)
                  00004450    00000038     rtsv7M4_T_le_v4SPD16_eabi.lib : fs_tod_t2.asm.obj (.text)
                  00004488    00000036     task3_4.obj (.text:I2CMRead)
                  000044be    00000036     task3_4.obj (.text:I2CMWrite)
                  000044f4    00000036     task3_4.obj (.text:I2CMWriteBatched)
                  0000452a    00000002     --HOLE-- [fill = 0]
                  0000452c    00000034     driverlib.lib : sysctl.obj (.text:SysCtlPeripheralEnable)
                  00004560    00000034     rtsv7M4_T_le_v4SPD16_eabi.lib : boot_cortex_m.c.obj (.text:_c_int00_noargs:_c_int00_noargs)
                  00004594    0000002c     sensorlib.lib : mpu6050.obj (.text:MPU6050DataAccelGetRaw)
                  000045c0    0000002c                   : mpu6050.obj (.text:MPU6050DataGyroGetRaw)
                  000045ec    0000002a     driverlib.lib : gpio.obj (.text:GPIODirModeSet)
                  00004616    00000002     --HOLE-- [fill = 0]
                  00004618    00000020                   : uart.obj (.text:UARTDisable)
                  00004638    0000001c     rtsv7M4_T_le_v4SPD16_eabi.lib : copy_zero_init.c.obj (.text:decompress:ZI:__TI_zero_init_nomemset:__TI_zero_init_nomemset)
                  00004654    00000014     driverlib.lib : uart.obj (.text:UARTEnable)
                  00004668    00000012                   : gpio.obj (.text:GPIOPinTypeI2C)
                  0000467a    00000012                   : gpio.obj (.text:GPIOPinTypeI2CSCL)
                  0000468c    00000012                   : gpio.obj (.text:GPIOPinTypeUART)
                  0000469e    00000002     --HOLE-- [fill = 0]
                  000046a0    00000010     IQmathLib.lib : IQNmpy.obj (.text:_IQ16mpy)
                  000046b0    0000000e     rtsv7M4_T_le_v4SPD16_eabi.lib : copy_decompress_none.c.obj (.text:decompress:none:__TI_decompress_none)
                  000046be    00000002     --HOLE-- [fill = 0]
                  000046c0    0000000c     driverlib.lib : interrupt.obj (.text:IntTrigger)
                  000046cc    0000000c     tm4c123gh6pm_startup_ccs.obj (.text)
                  000046d8    0000000a     driverlib.lib : i2c.obj (.text:I2CMasterEnable)
                  000046e2    0000000a                   : uart.obj (.text:UARTCharGet)
                  000046ec    0000000a                   : uart.obj (.text:UARTCharPut)
                  000046f6    00000008                   : i2c.obj (.text:I2CMasterIntClear)
                  000046fe    00000008                   : i2c.obj (.text:I2CMasterIntEnableEx)
                  00004706    00000008                   : i2c.obj (.text:I2CMasterSlaveAddrSet)
                  0000470e    00000002     --HOLE-- [fill = 0]
                  00004710    00000008     rtsv7M4_T_le_v4SPD16_eabi.lib : errno.c.obj (.text:__aeabi_errno_addr)
                  00004718    00000006     driverlib.lib : sysctl.obj (.text:SysCtlDelay)
                  0000471e    00000006                   : uart.obj (.text:UARTClockSourceSet)
                  00004724    00000004                   : i2c.obj (.text:I2CMasterControl)
                  00004728    00000004                   : i2c.obj (.text:I2CMasterDataGet)
                  0000472c    00000004                   : i2c.obj (.text:I2CMasterDataPut)
                  00004730    00000004     rtsv7M4_T_le_v4SPD16_eabi.lib : pre_init.c.obj (.text:_system_pre_init)
                  00004734    00000004                                   : exit.c.obj (.text:abort:abort)

.const     0    00004738    00000254     
                  00004738    00000098     rtsv7M4_T_le_v4SPD16_eabi.lib : s_atan.c.obj (.const:$O1$$)
                  000047d0    00000090     driverlib.lib : gpio.obj (.const:g_pui32GPIOBaseAddrs)
                  00004860    00000070                   : interrupt.obj (.const)
                  000048d0    0000006c                   : sysctl.obj (.const:g_pui32Xtals)
                  0000493c    00000020     sensorlib.lib : mpu6050.obj (.const)
                  0000495c    00000012     uartstdio.obj (.const:.string)
                  0000496e    00000002     --HOLE-- [fill = 0]
                  00004970    0000000c     uartstdio.obj (.const:g_ui32UARTBase)
                  0000497c    0000000c     uartstdio.obj (.const:g_ui32UARTPeriph)
                  00004988    00000004     uartstdio.obj (.const)

.cinit     0    00004990    00000030     
                  00004990    0000000c     (__TI_handler_table)
                  0000499c    00000004     --HOLE-- [fill = 0]
                  000049a0    00000008     (.cinit..bss.load) [load image, compression = zero_init]
                  000049a8    00000007     (.cinit..data.load) [load image, compression = lzss]
                  000049af    00000001     --HOLE-- [fill = 0]
                  000049b0    00000010     (__TI_cinit_table)

.init_array 
*          0    00000000    00000000     UNINITIALIZED

.bss       0    20000200    00000125     UNINITIALIZED
                  20000200    00000124     (.common:sI2CInst)
                  20000324    00000001     (.common:g_bMPU6050Done)

.data      0    20000328    0000000c     UNINITIALIZED
                  20000328    00000005     uartstdio.obj (.data)
                  2000032d    00000003     --HOLE--
                  20000330    00000004     rtsv7M4_T_le_v4SPD16_eabi.lib : errno.c.obj (.data)

.stack     0    20000000    00000200     UNINITIALIZED
                  20000000    00000004     rtsv7M4_T_le_v4SPD16_eabi.lib : boot_cortex_m.c.obj (.stack)
                  20000004    000001fc     --HOLE--

MODULE SUMMARY

       Module                         code    ro data   rw data
       ------                         ----    -------   -------
    .\
       task3_4.obj                    4966    0         293    
       uartstdio.obj                  1180    46        5      
       tm4c123gh6pm_startup_ccs.obj   12      620       0      
    +--+------------------------------+-------+---------+---------+
       Total:                         6158    666       298    
                                                               
    C:/ti/tivaware_c_series_2_1_4_178/IQmath/ccs/IQmathLib/Debug/IQmathLib.lib
       IQtables.obj                   0       5120      0      
       IQNatan2.obj                   212     0         0      
       IQNdiv.obj                     144     0         0      
       IQNmpy.obj                     16      0         0      
    +--+------------------------------+-------+---------+---------+
       Total:                         372     5120      0      
                                                               
    C:/ti/tivaware_c_series_2_1_4_178/driverlib/ccs/Debug/driverlib.lib
       sysctl.obj                     710     108       0      
       gpio.obj                       474     144       0      
       interrupt.obj                  320     112       0      
       uart.obj                       148     0         0      
       i2c.obj                        122     0         0      
    +--+------------------------------+-------+---------+---------+
       Total:                         1774    364       0      
                                                               
    C:/ti/tivaware_c_series_2_1_4_178/sensorlib/ccs/Debug/sensorlib.lib
       mpu6050.obj                    804     32        0      
    +--+------------------------------+-------+---------+---------+
       Total:                         804     32        0      
                                                               
    C:\ti\ccs910\ccs\tools\compiler\ti-cgt-arm_18.12.2.LTS\lib\rtsv7M4_T_le_v4SPD16_eabi.lib
       s_atan.c.obj                   748     152       0      
       e_atan2.c.obj                  472     0         0      
       fd_add_t2.asm.obj              438     0         0      
       e_sqrt.c.obj                   344     0         0      
       fd_div_t2.asm.obj              310     0         0      
       fd_mul_t2.asm.obj              252     0         0      
       memcpy_t2.asm.obj              156     0         0      
       fd_cmp_t2.asm.obj              134     0         0      
       fd_tos_t2.asm.obj              110     0         0      
       copy_decompress_lzss.c.obj     104     0         0      
       autoinit.c.obj                 68      0         0      
       u_divt2.asm.obj                64      0         0      
       fs_tod_t2.asm.obj              56      0         0      
       boot_cortex_m.c.obj            52      0         0      
       copy_zero_init.c.obj           28      0         0      
       copy_decompress_none.c.obj     14      0         0      
       errno.c.obj                    8       0         4      
       exit.c.obj                     4       0         0      
       pre_init.c.obj                 4       0         0      
       div0.asm.obj                   2       0         0      
    +--+------------------------------+-------+---------+---------+
       Total:                         3368    152       4      
                                                               
       Stack:                         0       0         512    
       Linker Generated:              0       43        0      
    +--+------------------------------+-------+---------+---------+
       Grand Total:                   12476   6377      814    


LINKER GENERATED COPY TABLES

__TI_cinit_table @ 000049b0 records: 2, size/record: 8, table size: 16
	.bss: load addr=000049a0, load size=00000008 bytes, run addr=20000200, run size=00000125 bytes, compression=zero_init
	.data: load addr=000049a8, load size=00000007 bytes, run addr=20000328, run size=0000000c bytes, compression=lzss


LINKER GENERATED HANDLER TABLE

__TI_handler_table @ 00004990 records: 3, size/record: 4, table size: 12
	index: 0, handler: __TI_decompress_lzss
	index: 1, handler: __TI_decompress_none
	index: 2, handler: __TI_zero_init


GLOBAL SYMBOLS: SORTED ALPHABETICALLY BY Name 

address   name                          
-------   ----                          
00004735  C$$EXIT                       
00000f0d  ComplementaryFilter           
000045ed  GPIODirModeSet                
000036d7  GPIOPadConfigSet              
00004305  GPIOPinConfigure              
00004669  GPIOPinTypeI2C                
0000467b  GPIOPinTypeI2CSCL             
0000468d  GPIOPinTypeUART               
00000e51  I2CIntHandler                 
0000085d  I2CMCommand                   
00000807  I2CMInit                      
000006e9  I2CMIntHandler                
00004489  I2CMRead                      
00000d21  I2CMRead16BE                  
00000b47  I2CMReadModifyWrite16LE       
000009ff  I2CMReadModifyWrite8          
00000929  I2CMTransferResume            
000044bf  I2CMWrite                     
00000de7  I2CMWrite16BE                 
00000c55  I2CMWrite8                    
000044f5  I2CMWriteBatched              
00004725  I2CMasterControl              
00004729  I2CMasterDataGet              
0000472d  I2CMasterDataPut              
000046d9  I2CMasterEnable               
0000426d  I2CMasterInitExpClk           
000046f7  I2CMasterIntClear             
000046ff  I2CMasterIntEnableEx          
00004707  I2CMasterSlaveAddrSet         
00000e5b  InitI2C0                      
00003fd1  IntDisable                    
00004039  IntEnable                     
00004109  IntIsEnabled                  
000046c1  IntTrigger                    
00000ef3  MPU6050Callback               
00003e81  MPU6050DataAccelGetFloat      
00004595  MPU6050DataAccelGetRaw        
00003ef1  MPU6050DataGyroGetFloat       
000045c1  MPU6050DataGyroGetRaw         
000041c9  MPU6050DataRead               
00001119  MPU6050Example                
0000416d  MPU6050Init                   
000042b9  MPU6050ReadModifyWrite        
000046cd  ResetISR                      
00003809  SysCtlClockGet                
00003a15  SysCtlClockSet                
00004719  SysCtlDelay                   
0000452d  SysCtlPeripheralEnable        
00004419  SysCtlPeripheralPresent       
0000421d  SysCtlPeripheralReset         
000046e3  UARTCharGet                   
000046ed  UARTCharPut                   
0000471f  UARTClockSourceSet            
0000434d  UARTConfigSetExpClk           
00004619  UARTDisable                   
00004655  UARTEnable                    
00002931  UARTStdioConfig               
00000eb7  UART_Init_Config              
00002a77  UARTgetc                      
000029bd  UARTgets                      
00002d97  UARTprintf                    
00002a9d  UARTvprintf                   
00002977  UARTwrite                     
00003bf9  _IQ16atan2                    
00003d69  _IQ16div                      
000046a1  _IQ16mpy                      
20000200  __STACK_END                   
00000200  __STACK_SIZE                  
20000200  __STACK_TOP                   
000049b0  __TI_CINIT_Base               
000049c0  __TI_CINIT_Limit              
00004990  __TI_Handler_Table_Base       
0000499c  __TI_Handler_Table_Limit      
00004395  __TI_auto_init_nobinit_nopinit
000040a1  __TI_decompress_lzss          
000046b1  __TI_decompress_none          
ffffffff  __TI_pprof_out_hndl           
ffffffff  __TI_prof_data_size           
ffffffff  __TI_prof_data_start          
00000000  __TI_static_base__            
00004639  __TI_zero_init_nomemset       
00003df9  __aeabi_cdrcmple              
00003f61  __aeabi_d2f                   
0000329b  __aeabi_dadd                  
000035a1  __aeabi_ddiv                  
00003919  __aeabi_dmul                  
00003291  __aeabi_dsub                  
00004711  __aeabi_errno_addr            
00004451  __aeabi_f2d                   
00003447  __aeabi_idiv0                 
00003447  __aeabi_ldiv0                 
00003ccd  __aeabi_memcpy                
00003ccd  __aeabi_memcpy4               
00003ccd  __aeabi_memcpy8               
000043d9  __aeabi_uidiv                 
000043d9  __aeabi_uidivmod              
ffffffff  __binit__                     
ffffffff  __c_args__                    
UNDEFED   __mpu_init                    
20000000  __stack                       
00004561  _c_int00_noargs               
UNDEFED   _system_post_cinit            
00004731  _system_pre_init              
00004735  abort                         
00002dcd  atan                          
000030b9  atan2                         
00001530  atan2PU_table                 
000030b9  atan2l                        
00002dcd  atanl                         
ffffffff  binit                         
00002130  div_table                     
20000330  errno                         
20000324  g_bMPU6050Done                
00000000  g_pfnVectors                  
000013d1  main                          
00003ccd  memcpy                        
20000200  sI2CInst                      
00003449  sqrt                          
00003449  sqrtl                         


GLOBAL SYMBOLS: SORTED BY Symbol Address 

address   name                          
-------   ----                          
00000000  __TI_static_base__            
00000000  g_pfnVectors                  
00000200  __STACK_SIZE                  
000006e9  I2CMIntHandler                
00000807  I2CMInit                      
0000085d  I2CMCommand                   
00000929  I2CMTransferResume            
000009ff  I2CMReadModifyWrite8          
00000b47  I2CMReadModifyWrite16LE       
00000c55  I2CMWrite8                    
00000d21  I2CMRead16BE                  
00000de7  I2CMWrite16BE                 
00000e51  I2CIntHandler                 
00000e5b  InitI2C0                      
00000eb7  UART_Init_Config              
00000ef3  MPU6050Callback               
00000f0d  ComplementaryFilter           
00001119  MPU6050Example                
000013d1  main                          
00001530  atan2PU_table                 
00002130  div_table                     
00002931  UARTStdioConfig               
00002977  UARTwrite                     
000029bd  UARTgets                      
00002a77  UARTgetc                      
00002a9d  UARTvprintf                   
00002d97  UARTprintf                    
00002dcd  atan                          
00002dcd  atanl                         
000030b9  atan2                         
000030b9  atan2l                        
00003291  __aeabi_dsub                  
0000329b  __aeabi_dadd                  
00003447  __aeabi_idiv0                 
00003447  __aeabi_ldiv0                 
00003449  sqrt                          
00003449  sqrtl                         
000035a1  __aeabi_ddiv                  
000036d7  GPIOPadConfigSet              
00003809  SysCtlClockGet                
00003919  __aeabi_dmul                  
00003a15  SysCtlClockSet                
00003bf9  _IQ16atan2                    
00003ccd  __aeabi_memcpy                
00003ccd  __aeabi_memcpy4               
00003ccd  __aeabi_memcpy8               
00003ccd  memcpy                        
00003d69  _IQ16div                      
00003df9  __aeabi_cdrcmple              
00003e81  MPU6050DataAccelGetFloat      
00003ef1  MPU6050DataGyroGetFloat       
00003f61  __aeabi_d2f                   
00003fd1  IntDisable                    
00004039  IntEnable                     
000040a1  __TI_decompress_lzss          
00004109  IntIsEnabled                  
0000416d  MPU6050Init                   
000041c9  MPU6050DataRead               
0000421d  SysCtlPeripheralReset         
0000426d  I2CMasterInitExpClk           
000042b9  MPU6050ReadModifyWrite        
00004305  GPIOPinConfigure              
0000434d  UARTConfigSetExpClk           
00004395  __TI_auto_init_nobinit_nopinit
000043d9  __aeabi_uidiv                 
000043d9  __aeabi_uidivmod              
00004419  SysCtlPeripheralPresent       
00004451  __aeabi_f2d                   
00004489  I2CMRead                      
000044bf  I2CMWrite                     
000044f5  I2CMWriteBatched              
0000452d  SysCtlPeripheralEnable        
00004561  _c_int00_noargs               
00004595  MPU6050DataAccelGetRaw        
000045c1  MPU6050DataGyroGetRaw         
000045ed  GPIODirModeSet                
00004619  UARTDisable                   
00004639  __TI_zero_init_nomemset       
00004655  UARTEnable                    
00004669  GPIOPinTypeI2C                
0000467b  GPIOPinTypeI2CSCL             
0000468d  GPIOPinTypeUART               
000046a1  _IQ16mpy                      
000046b1  __TI_decompress_none          
000046c1  IntTrigger                    
000046cd  ResetISR                      
000046d9  I2CMasterEnable               
000046e3  UARTCharGet                   
000046ed  UARTCharPut                   
000046f7  I2CMasterIntClear             
000046ff  I2CMasterIntEnableEx          
00004707  I2CMasterSlaveAddrSet         
00004711  __aeabi_errno_addr            
00004719  SysCtlDelay                   
0000471f  UARTClockSourceSet            
00004725  I2CMasterControl              
00004729  I2CMasterDataGet              
0000472d  I2CMasterDataPut              
00004731  _system_pre_init              
00004735  C$$EXIT                       
00004735  abort                         
00004990  __TI_Handler_Table_Base       
0000499c  __TI_Handler_Table_Limit      
000049b0  __TI_CINIT_Base               
000049c0  __TI_CINIT_Limit              
20000000  __stack                       
20000200  __STACK_END                   
20000200  __STACK_TOP                   
20000200  sI2CInst                      
20000324  g_bMPU6050Done                
20000330  errno                         
ffffffff  __TI_pprof_out_hndl           
ffffffff  __TI_prof_data_size           
ffffffff  __TI_prof_data_start          
ffffffff  __binit__                     
ffffffff  __c_args__                    
ffffffff  binit                         
UNDEFED   __mpu_init                    
UNDEFED   _system_post_cinit            

[119 symbols]
