******************************************************************************
                  TI ARM Linker PC v18.12.2                    
******************************************************************************
>> Linked Mon Oct 14 21:06:52 2019

OUTPUT FILE NAME:   <lab12.out>
ENTRY POINT SYMBOL: "_c_int00_noargs"  address: 00000c49


MEMORY CONFIGURATION

         name            origin    length      used     unused   attr    fill
----------------------  --------  ---------  --------  --------  ----  --------
  FLASH                 00000000   00040000  00000f90  0003f070  R  X
  SRAM                  20000000   00008000  00000091  00007f6f  RW X


SEGMENT ALLOCATION MAP

run origin  load origin   length   init length attrs members
----------  ----------- ---------- ----------- ----- -------
00000000    00000000    00000f94   00000f94    r-x
  00000000    00000000    0000026c   0000026c    r-- .intvecs
  0000026c    0000026c    00000ba4   00000ba4    r-x .text
  00000e10    00000e10    0000016c   0000016c    r-- .const
  00000f80    00000f80    00000014   00000014    r-- .cinit
20000000    20000000    00000091   00000000    rw-
  20000000    20000000    00000068   00000000    rw- .stack
  20000068    20000068    00000029   00000000    rw- .bss


SECTION ALLOCATION MAP

 output                                  attributes/
section   page    origin      length       input sections
--------  ----  ----------  ----------   ----------------
.intvecs   0    00000000    0000026c     
                  00000000    0000026c     tm4c123gh6pm_startup_ccs_UART.obj (.intvecs)

.text      0    0000026c    00000ba4     
                  0000026c    00000468     task2.obj (.text)
                  000006d4    00000132     driverlib.lib : gpio.obj (.text:GPIOPadConfigSet)
                  00000806    00000002     --HOLE-- [fill = 0]
                  00000808    00000110                   : sysctl.obj (.text:SysCtlClockGet)
                  00000918    000000f4                   : sysctl.obj (.text:SysCtlClockSet)
                  00000a0c    0000007a                   : adc.obj (.text:ADCSequenceStepConfigure)
                  00000a86    00000002     --HOLE-- [fill = 0]
                  00000a88    00000068                   : interrupt.obj (.text:IntEnable)
                  00000af0    00000050                   : adc.obj (.text:ADCSequenceConfigure)
                  00000b40    00000048                   : gpio.obj (.text:GPIOPinConfigure)
                  00000b88    00000046                   : uart.obj (.text:UARTConfigSetExpClk)
                  00000bce    00000002     --HOLE-- [fill = 0]
                  00000bd0    00000044     rtsv7M4_T_le_v4SPD16_eabi.lib : autoinit.c.obj (.text:__TI_auto_init_nobinit_nopinit:__TI_auto_init_nobinit_nopinit)
                  00000c14    00000034     driverlib.lib : sysctl.obj (.text:SysCtlPeripheralEnable)
                  00000c48    00000034     rtsv7M4_T_le_v4SPD16_eabi.lib : boot_cortex_m.c.obj (.text:_c_int00_noargs:_c_int00_noargs)
                  00000c7c    0000002e     driverlib.lib : adc.obj (.text:ADCIntStatus)
                  00000caa    0000002a                   : gpio.obj (.text:GPIODirModeSet)
                  00000cd4    00000020                   : uart.obj (.text:UARTDisable)
                  00000cf4    0000001e                   : adc.obj (.text:ADCSequenceDataGet)
                  00000d12    0000001c     rtsv7M4_T_le_v4SPD16_eabi.lib : copy_zero_init.c.obj (.text:decompress:ZI:__TI_zero_init_nomemset:__TI_zero_init_nomemset)
                  00000d2e    00000018     driverlib.lib : adc.obj (.text:ADCProcessorTrigger)
                  00000d46    00000018                   : gpio.obj (.text:GPIOPinTypeGPIOOutput)
                  00000d5e    00000014                   : uart.obj (.text:UARTEnable)
                  00000d72    00000012                   : gpio.obj (.text:GPIOPinTypeUART)
                  00000d84    00000010                   : interrupt.obj (.text:IntMasterEnable)
                  00000d94    0000000e                   : adc.obj (.text:ADCSequenceEnable)
                  00000da2    0000000e                   : uart.obj (.text:UARTCharsAvail)
                  00000db0    0000000c                   : cpu.obj (.text:CPUcpsie)
                  00000dbc    0000000c     tm4c123gh6pm_startup_ccs_UART.obj (.text)
                  00000dc8    0000000a     driverlib.lib : adc.obj (.text:ADCIntClear)
                  00000dd2    0000000a                   : uart.obj (.text:UARTCharGet)
                  00000ddc    0000000a                   : uart.obj (.text:UARTCharPut)
                  00000de6    0000000a                   : uart.obj (.text:UARTIntStatus)
                  00000df0    00000008                   : uart.obj (.text:UARTIntEnable)
                  00000df8    00000006                   : gpio.obj (.text:GPIOPinWrite)
                  00000dfe    00000006                   : sysctl.obj (.text:SysCtlDelay)
                  00000e04    00000004                   : uart.obj (.text:UARTIntClear)
                  00000e08    00000004     rtsv7M4_T_le_v4SPD16_eabi.lib : pre_init.c.obj (.text:_system_pre_init)
                  00000e0c    00000004                                   : exit.c.obj (.text:abort:abort)

.const     0    00000e10    0000016c     
                  00000e10    00000090     driverlib.lib : gpio.obj (.const:g_pui32GPIOBaseAddrs)
                  00000ea0    00000070                   : interrupt.obj (.const)
                  00000f10    0000006c                   : sysctl.obj (.const:g_pui32Xtals)

.cinit     0    00000f80    00000014     
                  00000f80    00000008     (.cinit..bss.load) [load image, compression = zero_init]
                  00000f88    00000004     (__TI_handler_table)
                  00000f8c    00000008     (__TI_cinit_table)

.init_array 
*          0    00000000    00000000     UNINITIALIZED

.bss       0    20000068    00000029     UNINITIALIZED
                  20000068    00000010     (.common:ui32ADC0Value)
                  20000078    0000000c     (.common:str_temp)
                  20000084    00000004     (.common:ui32TempAvg)
                  20000088    00000004     (.common:ui32TempValueC)
                  2000008c    00000004     (.common:ui32TempValueF)
                  20000090    00000001     (.common:command)

.stack     0    20000000    00000068     UNINITIALIZED
                  20000000    00000004     rtsv7M4_T_le_v4SPD16_eabi.lib : boot_cortex_m.c.obj (.stack)
                  20000004    00000064     --HOLE--

MODULE SUMMARY

       Module                              code   ro data   rw data
       ------                              ----   -------   -------
    .\
       task2.obj                           1128   0         41     
       tm4c123gh6pm_startup_ccs_UART.obj   12     620       0      
    +--+-----------------------------------+------+---------+---------+
       Total:                              1140   620       41     
                                                                   
    C:/ti/tivaware_c_series_2_1_4_178/driverlib/ccs/Debug/driverlib.lib
       sysctl.obj                          574    108       0      
       gpio.obj                            468    144       0      
       adc.obj                             326    0         0      
       interrupt.obj                       120    112       0      
       uart.obj                            178    0         0      
       cpu.obj                             12     0         0      
    +--+-----------------------------------+------+---------+---------+
       Total:                              1678   364       0      
                                                                   
    C:\ti\ccs910\ccs\tools\compiler\ti-cgt-arm_18.12.2.LTS\lib\rtsv7M4_T_le_v4SPD16_eabi.lib
       autoinit.c.obj                      68     0         0      
       boot_cortex_m.c.obj                 52     0         0      
       copy_zero_init.c.obj                28     0         0      
       exit.c.obj                          4      0         0      
       pre_init.c.obj                      4      0         0      
    +--+-----------------------------------+------+---------+---------+
       Total:                              156    0         0      
                                                                   
       Stack:                              0      0         104    
       Linker Generated:                   0      20        0      
    +--+-----------------------------------+------+---------+---------+
       Grand Total:                        2974   1004      145    


LINKER GENERATED COPY TABLES

__TI_cinit_table @ 00000f8c records: 1, size/record: 8, table size: 8
	.bss: load addr=00000f80, load size=00000008 bytes, run addr=20000068, run size=00000029 bytes, compression=zero_init


LINKER GENERATED HANDLER TABLE

__TI_handler_table @ 00000f88 records: 1, size/record: 4, table size: 4
	index: 0, handler: __TI_zero_init


GLOBAL SYMBOLS: SORTED ALPHABETICALLY BY Name 

address   name                          
-------   ----                          
00000dc9  ADCIntClear                   
00000c7d  ADCIntStatus                  
00000d2f  ADCProcessorTrigger           
00000af1  ADCSequenceConfigure          
00000cf5  ADCSequenceDataGet            
00000d95  ADCSequenceEnable             
00000a0d  ADCSequenceStepConfigure      
00000e0d  C$$EXIT                       
00000db1  CPUcpsie                      
00000cab  GPIODirModeSet                
000006d5  GPIOPadConfigSet              
00000b41  GPIOPinConfigure              
00000d47  GPIOPinTypeGPIOOutput         
00000d73  GPIOPinTypeUART               
00000df9  GPIOPinWrite                  
00000a89  IntEnable                     
00000d85  IntMasterEnable               
00000dbd  ResetISR                      
00000809  SysCtlClockGet                
00000919  SysCtlClockSet                
00000dff  SysCtlDelay                   
00000c15  SysCtlPeripheralEnable        
00000dd3  UARTCharGet                   
00000ddd  UARTCharPut                   
00000da3  UARTCharsAvail                
00000b89  UARTConfigSetExpClk           
00000cd5  UARTDisable                   
00000d5f  UARTEnable                    
00000e05  UARTIntClear                  
00000df1  UARTIntEnable                 
0000047d  UARTIntHandler                
00000de7  UARTIntStatus                 
20000068  __STACK_END                   
00000068  __STACK_SIZE                  
20000200  __STACK_TOP                   
00000f8c  __TI_CINIT_Base               
00000f94  __TI_CINIT_Limit              
00000f88  __TI_Handler_Table_Base       
00000f8c  __TI_Handler_Table_Limit      
00000bd1  __TI_auto_init_nobinit_nopinit
ffffffff  __TI_pprof_out_hndl           
ffffffff  __TI_prof_data_size           
ffffffff  __TI_prof_data_start          
00000000  __TI_static_base__            
00000d13  __TI_zero_init_nomemset       
ffffffff  __binit__                     
ffffffff  __c_args__                    
UNDEFED   __mpu_init                    
20000000  __stack                       
00000c49  _c_int00_noargs               
UNDEFED   _system_post_cinit            
00000e09  _system_pre_init              
00000e0d  abort                         
ffffffff  binit                         
20000090  command                       
00000000  g_pfnVectors                  
0000028d  itoa                          
000005df  main                          
0000026d  print_string                  
00000359  prompt                        
20000078  str_temp                      
20000068  ui32ADC0Value                 
20000084  ui32TempAvg                   
20000088  ui32TempValueC                
2000008c  ui32TempValueF                


GLOBAL SYMBOLS: SORTED BY Symbol Address 

address   name                          
-------   ----                          
00000000  __TI_static_base__            
00000000  g_pfnVectors                  
00000068  __STACK_SIZE                  
0000026d  print_string                  
0000028d  itoa                          
00000359  prompt                        
0000047d  UARTIntHandler                
000005df  main                          
000006d5  GPIOPadConfigSet              
00000809  SysCtlClockGet                
00000919  SysCtlClockSet                
00000a0d  ADCSequenceStepConfigure      
00000a89  IntEnable                     
00000af1  ADCSequenceConfigure          
00000b41  GPIOPinConfigure              
00000b89  UARTConfigSetExpClk           
00000bd1  __TI_auto_init_nobinit_nopinit
00000c15  SysCtlPeripheralEnable        
00000c49  _c_int00_noargs               
00000c7d  ADCIntStatus                  
00000cab  GPIODirModeSet                
00000cd5  UARTDisable                   
00000cf5  ADCSequenceDataGet            
00000d13  __TI_zero_init_nomemset       
00000d2f  ADCProcessorTrigger           
00000d47  GPIOPinTypeGPIOOutput         
00000d5f  UARTEnable                    
00000d73  GPIOPinTypeUART               
00000d85  IntMasterEnable               
00000d95  ADCSequenceEnable             
00000da3  UARTCharsAvail                
00000db1  CPUcpsie                      
00000dbd  ResetISR                      
00000dc9  ADCIntClear                   
00000dd3  UARTCharGet                   
00000ddd  UARTCharPut                   
00000de7  UARTIntStatus                 
00000df1  UARTIntEnable                 
00000df9  GPIOPinWrite                  
00000dff  SysCtlDelay                   
00000e05  UARTIntClear                  
00000e09  _system_pre_init              
00000e0d  C$$EXIT                       
00000e0d  abort                         
00000f88  __TI_Handler_Table_Base       
00000f8c  __TI_CINIT_Base               
00000f8c  __TI_Handler_Table_Limit      
00000f94  __TI_CINIT_Limit              
20000000  __stack                       
20000068  __STACK_END                   
20000068  ui32ADC0Value                 
20000078  str_temp                      
20000084  ui32TempAvg                   
20000088  ui32TempValueC                
2000008c  ui32TempValueF                
20000090  command                       
20000200  __STACK_TOP                   
ffffffff  __TI_pprof_out_hndl           
ffffffff  __TI_prof_data_size           
ffffffff  __TI_prof_data_start          
ffffffff  __binit__                     
ffffffff  __c_args__                    
ffffffff  binit                         
UNDEFED   __mpu_init                    
UNDEFED   _system_post_cinit            

[65 symbols]
