******************************************************************************
                  TI ARM Linker PC v18.12.2                    
******************************************************************************
>> Linked Sun Oct  6 18:42:51 2019

OUTPUT FILE NAME:   <lab6.out>
ENTRY POINT SYMBOL: "_c_int00_noinit_noargs"  address: 0000046d


MEMORY CONFIGURATION

         name            origin    length      used     unused   attr    fill
----------------------  --------  ---------  --------  --------  ----  --------
  FLASH                 00000000   00040000  0000054a  0003fab6  R  X
  SRAM                  20000000   00008000  00000068  00007f98  RW X


SEGMENT ALLOCATION MAP

run origin  load origin   length   init length attrs members
----------  ----------- ---------- ----------- ----- -------
00000000    00000000    0000054c   0000054c    r-x
  00000000    00000000    0000026c   0000026c    r-- .intvecs
  0000026c    0000026c    00000272   00000272    r-x .text
  000004e0    000004e0    0000006c   0000006c    r-- .const
20000000    20000000    00000068   00000000    rw-
  20000000    20000000    00000068   00000000    rw- .stack


SECTION ALLOCATION MAP

 output                                  attributes/
section   page    origin      length       input sections
--------  ----  ----------  ----------   ----------------
.intvecs   0    00000000    0000026c     
                  00000000    0000026c     tm4c123gh6pm_startup_ccs.obj (.intvecs)

.text      0    0000026c    00000272     
                  0000026c    00000110     driverlib.lib : sysctl.obj (.text:SysCtlClockGet)
                  0000037c    000000f0     task2.obj (.text)
                  0000046c    0000002c     rtsv7M4_T_le_v4SPD16_eabi.lib : boot_cortex_m.c.obj (.text:_c_int00_noinit_noargs:_c_int00_noinit_noargs)
                  00000498    00000022     driverlib.lib : pwm.obj (.text:PWMGenConfigure)
                  000004ba    00000010                   : pwm.obj (.text:PWMGenPeriodSet)
                  000004ca    0000000c     tm4c123gh6pm_startup_ccs.obj (.text)
                  000004d6    00000004     rtsv7M4_T_le_v4SPD16_eabi.lib : pre_init.c.obj (.text:_system_pre_init)
                  000004da    00000004                                   : exit.c.obj (.text:abort:abort)

.const     0    000004e0    0000006c     
                  000004e0    0000006c     driverlib.lib : sysctl.obj (.const:g_pui32Xtals)

.cinit     0    00000000    00000000     UNINITIALIZED

.init_array 
*          0    00000000    00000000     UNINITIALIZED

.stack     0    20000000    00000068     UNINITIALIZED
                  20000000    00000004     rtsv7M4_T_le_v4SPD16_eabi.lib : boot_cortex_m.c.obj (.stack)
                  20000004    00000064     --HOLE--

MODULE SUMMARY

       Module                         code   ro data   rw data
       ------                         ----   -------   -------
    .\
       tm4c123gh6pm_startup_ccs.obj   12     620       0      
       task2.obj                      240    0         0      
    +--+------------------------------+------+---------+---------+
       Total:                         252    620       0      
                                                              
    C:/ti/tivaware_c_series_2_1_4_178/driverlib/ccs/Debug/driverlib.lib
       sysctl.obj                     272    108       0      
       pwm.obj                        50     0         0      
    +--+------------------------------+------+---------+---------+
       Total:                         322    108       0      
                                                              
    C:\ti\ccs910\ccs\tools\compiler\ti-cgt-arm_18.12.2.LTS\lib\rtsv7M4_T_le_v4SPD16_eabi.lib
       boot_cortex_m.c.obj            44     0         0      
       exit.c.obj                     4      0         0      
       pre_init.c.obj                 4      0         0      
    +--+------------------------------+------+---------+---------+
       Total:                         52     0         0      
                                                              
       Stack:                         0      0         104    
    +--+------------------------------+------+---------+---------+
       Grand Total:                   626    728       104    


GLOBAL SYMBOLS: SORTED ALPHABETICALLY BY Name 

address   name                  
-------   ----                  
000004db  C$$EXIT               
00000499  PWMGenConfigure       
000004bb  PWMGenPeriodSet       
000004cb  ResetISR              
0000026d  SysCtlClockGet        
20000068  __STACK_END           
00000068  __STACK_SIZE          
20000200  __STACK_TOP           
ffffffff  __TI_pprof_out_hndl   
ffffffff  __TI_prof_data_size   
ffffffff  __TI_prof_data_start  
00000000  __TI_static_base__    
ffffffff  __binit__             
ffffffff  __c_args__            
UNDEFED   __mpu_init            
20000000  __stack               
0000046d  _c_int00_noinit_noargs
000004d7  _system_pre_init      
000004db  abort                 
ffffffff  binit                 
00000000  g_pfnVectors          
0000037d  main                  


GLOBAL SYMBOLS: SORTED BY Symbol Address 

address   name                  
-------   ----                  
00000000  __TI_static_base__    
00000000  g_pfnVectors          
00000068  __STACK_SIZE          
0000026d  SysCtlClockGet        
0000037d  main                  
0000046d  _c_int00_noinit_noargs
00000499  PWMGenConfigure       
000004bb  PWMGenPeriodSet       
000004cb  ResetISR              
000004d7  _system_pre_init      
000004db  C$$EXIT               
000004db  abort                 
20000000  __stack               
20000068  __STACK_END           
20000200  __STACK_TOP           
ffffffff  __TI_pprof_out_hndl   
ffffffff  __TI_prof_data_size   
ffffffff  __TI_prof_data_start  
ffffffff  __binit__             
ffffffff  __c_args__            
ffffffff  binit                 
UNDEFED   __mpu_init            

[22 symbols]
