******************************************************************************
                  TI ARM Linker PC v18.12.2                    
******************************************************************************
>> Linked Tue Oct  1 01:45:09 2019

OUTPUT FILE NAME:   <lab5.out>
ENTRY POINT SYMBOL: "_c_int00_noinit_noargs"  address: 000006d5


MEMORY CONFIGURATION

         name            origin    length      used     unused   attr    fill
----------------------  --------  ---------  --------  --------  ----  --------
  FLASH                 00000000   00040000  000007b0  0003f850  R  X
  SRAM                  20000000   00008000  00000068  00007f98  RW X


SEGMENT ALLOCATION MAP

run origin  load origin   length   init length attrs members
----------  ----------- ---------- ----------- ----- -------
00000000    00000000    000007b0   000007b0    r-x
  00000000    00000000    0000026c   0000026c    r-- .intvecs
  0000026c    0000026c    00000544   00000544    r-x .text
20000000    20000000    00000068   00000000    rw-
  20000000    20000000    00000068   00000000    rw- .stack


SECTION ALLOCATION MAP

 output                                  attributes/
section   page    origin      length       input sections
--------  ----  ----------  ----------   ----------------
.intvecs   0    00000000    0000026c     
                  00000000    0000026c     tm4c123gh6pm_startup_ccs.obj (.intvecs)

.text      0    0000026c    00000544     
                  0000026c    00000132     driverlib.lib : gpio.obj (.text:GPIOPadConfigSet)
                  0000039e    00000002     --HOLE-- [fill = 0]
                  000003a0    00000110     task1.obj (.text)
                  000004b0    000000f4     driverlib.lib : sysctl.obj (.text:SysCtlClockSet)
                  000005a4    0000007a                   : adc.obj (.text:ADCSequenceStepConfigure)
                  0000061e    00000050                   : adc.obj (.text:ADCSequenceConfigure)
                  0000066e    00000002     --HOLE-- [fill = 0]
                  00000670    00000034                   : sysctl.obj (.text:SysCtlPeripheralEnable)
                  000006a4    0000002e                   : adc.obj (.text:ADCIntStatus)
                  000006d2    00000002     --HOLE-- [fill = 0]
                  000006d4    0000002c     rtsv7M4_T_le_v4SPD16_eabi.lib : boot_cortex_m.c.obj (.text:_c_int00_noinit_noargs:_c_int00_noinit_noargs)
                  00000700    0000002a     driverlib.lib : gpio.obj (.text:GPIODirModeSet)
                  0000072a    0000001e                   : adc.obj (.text:ADCSequenceDataGet)
                  00000748    00000018                   : adc.obj (.text:ADCProcessorTrigger)
                  00000760    00000018                   : gpio.obj (.text:GPIOPinTypeGPIOOutput)
                  00000778    0000000e                   : adc.obj (.text:ADCSequenceEnable)
                  00000786    0000000c     tm4c123gh6pm_startup_ccs.obj (.text)
                  00000792    0000000a     driverlib.lib : adc.obj (.text:ADCIntClear)
                  0000079c    00000006                   : gpio.obj (.text:GPIOPinWrite)
                  000007a2    00000006                   : sysctl.obj (.text:SysCtlDelay)
                  000007a8    00000004     rtsv7M4_T_le_v4SPD16_eabi.lib : pre_init.c.obj (.text:_system_pre_init)
                  000007ac    00000004                                   : exit.c.obj (.text:abort:abort)

.cinit     0    00000000    00000000     UNINITIALIZED

.init_array 
*          0    00000000    00000000     UNINITIALIZED

.stack     0    20000000    00000068     UNINITIALIZED
                  20000000    00000004     rtsv7M4_T_le_v4SPD16_eabi.lib : boot_cortex_m.c.obj (.stack)
                  20000004    00000064     --HOLE--

MODULE SUMMARY

       Module                         code   ro data   rw data
       ------                         ----   -------   -------
    .\
       tm4c123gh6pm_startup_ccs.obj   12     620       0      
       task1.obj                      272    0         0      
    +--+------------------------------+------+---------+---------+
       Total:                         284    620       0      
                                                              
    C:/ti/tivaware_c_series_2_1_4_178/driverlib/ccs/Debug/driverlib.lib
       gpio.obj                       378    0         0      
       adc.obj                        326    0         0      
       sysctl.obj                     302    0         0      
    +--+------------------------------+------+---------+---------+
       Total:                         1006   0         0      
                                                              
    C:\ti\ccs910\ccs\tools\compiler\ti-cgt-arm_18.12.2.LTS\lib\rtsv7M4_T_le_v4SPD16_eabi.lib
       boot_cortex_m.c.obj            44     0         0      
       exit.c.obj                     4      0         0      
       pre_init.c.obj                 4      0         0      
    +--+------------------------------+------+---------+---------+
       Total:                         52     0         0      
                                                              
       Stack:                         0      0         104    
    +--+------------------------------+------+---------+---------+
       Grand Total:                   1342   620       104    


GLOBAL SYMBOLS: SORTED ALPHABETICALLY BY Name 

address   name                    
-------   ----                    
00000793  ADCIntClear             
000006a5  ADCIntStatus            
00000749  ADCProcessorTrigger     
0000061f  ADCSequenceConfigure    
0000072b  ADCSequenceDataGet      
00000779  ADCSequenceEnable       
000005a5  ADCSequenceStepConfigure
000007ad  C$$EXIT                 
00000701  GPIODirModeSet          
0000026d  GPIOPadConfigSet        
00000761  GPIOPinTypeGPIOOutput   
0000079d  GPIOPinWrite            
00000787  ResetISR                
000004b1  SysCtlClockSet          
000007a3  SysCtlDelay             
00000671  SysCtlPeripheralEnable  
20000068  __STACK_END             
00000068  __STACK_SIZE            
20000200  __STACK_TOP             
ffffffff  __TI_pprof_out_hndl     
ffffffff  __TI_prof_data_size     
ffffffff  __TI_prof_data_start    
00000000  __TI_static_base__      
ffffffff  __binit__               
ffffffff  __c_args__              
UNDEFED   __mpu_init              
20000000  __stack                 
000006d5  _c_int00_noinit_noargs  
000007a9  _system_pre_init        
000007ad  abort                   
ffffffff  binit                   
00000000  g_pfnVectors            
000003a1  main                    


GLOBAL SYMBOLS: SORTED BY Symbol Address 

address   name                    
-------   ----                    
00000000  __TI_static_base__      
00000000  g_pfnVectors            
00000068  __STACK_SIZE            
0000026d  GPIOPadConfigSet        
000003a1  main                    
000004b1  SysCtlClockSet          
000005a5  ADCSequenceStepConfigure
0000061f  ADCSequenceConfigure    
00000671  SysCtlPeripheralEnable  
000006a5  ADCIntStatus            
000006d5  _c_int00_noinit_noargs  
00000701  GPIODirModeSet          
0000072b  ADCSequenceDataGet      
00000749  ADCProcessorTrigger     
00000761  GPIOPinTypeGPIOOutput   
00000779  ADCSequenceEnable       
00000787  ResetISR                
00000793  ADCIntClear             
0000079d  GPIOPinWrite            
000007a3  SysCtlDelay             
000007a9  _system_pre_init        
000007ad  C$$EXIT                 
000007ad  abort                   
20000000  __stack                 
20000068  __STACK_END             
20000200  __STACK_TOP             
ffffffff  __TI_pprof_out_hndl     
ffffffff  __TI_prof_data_size     
ffffffff  __TI_prof_data_start    
ffffffff  __binit__               
ffffffff  __c_args__              
ffffffff  binit                   
UNDEFED   __mpu_init              

[33 symbols]
